nohup: ignoring input

Experiment: mae_hid_ep300_mask0.5_strategyrandom_ph29pw25_seed42_enc12_dim128_bs128  (task=HumanIdentification)
[patch-pad] patch_h=29, patch_w=25 evenly divide 232x500, no padding needed. num_patches=160
[mem-check] num_patches=160  batch_size=128  encoder_depth=12  attention-score memory: 0.05 GB/layer, 0.59 GB cumulative (all layers retained for backward)
[split] training on: train_hp
label_map: {'U01': 0, 'U02': 1, 'U03': 2, 'U04': 3, 'U05': 4, 'U06': 5, 'U22': 6}  num_classes: 7
[split] evaluating on: ['val_hp', 'test_cross_device', 'test_cross_env', 'test_cross_user']
  val_hp: 5846 samples
  test_cross_device: 9631 samples
  test_cross_env: 6650 samples
  test_cross_user: 12109 samples
MAE params: 2,658,709
Epoch 010/300 | loss=0.1494 | best=0.1494 | lr=1.50e-04
Epoch 020/300 | loss=0.1126 | best=0.1126 | lr=1.48e-04
Epoch 030/300 | loss=0.1047 | best=0.1047 | lr=1.46e-04
Epoch 040/300 | loss=0.1022 | best=0.1022 | lr=1.44e-04
Epoch 050/300 | loss=0.1004 | best=0.1004 | lr=1.40e-04

--- Eval at epoch 50 ---
  Layer 1:
    val_hp                    (in-dist) KNN=82.4% LP=54.8% MLP=79.1% L2_dist=3.21 Cos_sim=0.783
    test_cross_device         (OOD)     KNN=92.4% LP=69.5% MLP=88.6% L2_dist=3.87 Cos_sim=0.814
    test_cross_env            (OOD)     KNN=99.9% LP=86.5% MLP=97.1% L2_dist=0.99 Cos_sim=0.973
    test_cross_user           (OOD)     KNN=83.9% LP=64.9% MLP=86.1% L2_dist=0.66 Cos_sim=0.989
  Layer 3:
    val_hp                    (in-dist) KNN=82.3% LP=65.1% MLP=82.3% L2_dist=3.50 Cos_sim=0.679
    test_cross_device         (OOD)     KNN=92.4% LP=74.8% MLP=91.1% L2_dist=4.09 Cos_sim=0.725
    test_cross_env            (OOD)     KNN=99.9% LP=88.9% MLP=98.9% L2_dist=1.16 Cos_sim=0.946
    test_cross_user           (OOD)     KNN=85.8% LP=75.7% MLP=85.8% L2_dist=0.73 Cos_sim=0.975
  Layer 6:
    val_hp                    (in-dist) KNN=83.0% LP=64.9% MLP=82.8% L2_dist=3.62 Cos_sim=0.604
    test_cross_device         (OOD)     KNN=92.5% LP=77.8% MLP=89.7% L2_dist=4.23 Cos_sim=0.687
    test_cross_env            (OOD)     KNN=100.0% LP=93.8% MLP=99.3% L2_dist=1.19 Cos_sim=0.921
    test_cross_user           (OOD)     KNN=86.7% LP=76.1% MLP=86.5% L2_dist=0.76 Cos_sim=0.965
  Layer 9:
    val_hp                    (in-dist) KNN=83.5% LP=64.3% MLP=81.7% L2_dist=3.74 Cos_sim=0.658
    test_cross_device         (OOD)     KNN=93.3% LP=76.6% MLP=90.4% L2_dist=4.36 Cos_sim=0.731
    test_cross_env            (OOD)     KNN=99.9% LP=95.9% MLP=99.9% L2_dist=1.26 Cos_sim=0.936
    test_cross_user           (OOD)     KNN=86.5% LP=77.7% MLP=84.7% L2_dist=0.82 Cos_sim=0.972
  Layer 12:
    val_hp                    (in-dist) KNN=83.3% LP=63.7% MLP=84.3% L2_dist=3.58 Cos_sim=0.845
    test_cross_device         (OOD)     KNN=93.1% LP=75.8% MLP=92.7% L2_dist=4.09 Cos_sim=0.902
    test_cross_env            (OOD)     KNN=99.3% LP=95.4% MLP=99.2% L2_dist=1.11 Cos_sim=0.980
    test_cross_user           (OOD)     KNN=86.8% LP=76.5% MLP=87.9% L2_dist=0.71 Cos_sim=0.994

Epoch 060/300 | loss=0.0996 | best=0.0996 | lr=1.36e-04
Epoch 070/300 | loss=0.0991 | best=0.0991 | lr=1.31e-04
Epoch 080/300 | loss=0.0986 | best=0.0986 | lr=1.25e-04
Epoch 090/300 | loss=0.0984 | best=0.0983 | lr=1.19e-04
Epoch 100/300 | loss=0.0979 | best=0.0979 | lr=1.12e-04

--- Eval at epoch 100 ---
  Layer 1:
    val_hp                    (in-dist) KNN=82.2% LP=56.2% MLP=79.3% L2_dist=3.04 Cos_sim=0.776
    test_cross_device         (OOD)     KNN=92.8% LP=71.2% MLP=88.2% L2_dist=3.62 Cos_sim=0.811
    test_cross_env            (OOD)     KNN=99.9% LP=88.9% MLP=99.2% L2_dist=0.94 Cos_sim=0.971
    test_cross_user           (OOD)     KNN=85.3% LP=67.4% MLP=84.9% L2_dist=0.61 Cos_sim=0.989
  Layer 3:
    val_hp                    (in-dist) KNN=82.3% LP=69.5% MLP=82.0% L2_dist=3.25 Cos_sim=0.676
    test_cross_device         (OOD)     KNN=92.5% LP=77.2% MLP=91.3% L2_dist=3.79 Cos_sim=0.723
    test_cross_env            (OOD)     KNN=99.9% LP=94.5% MLP=99.4% L2_dist=1.11 Cos_sim=0.939
    test_cross_user           (OOD)     KNN=86.3% LP=77.7% MLP=86.9% L2_dist=0.67 Cos_sim=0.975
  Layer 6:
    val_hp                    (in-dist) KNN=83.5% LP=69.8% MLP=81.7% L2_dist=3.30 Cos_sim=0.615
    test_cross_device         (OOD)     KNN=93.4% LP=81.1% MLP=91.2% L2_dist=3.84 Cos_sim=0.686
    test_cross_env            (OOD)     KNN=100.0% LP=96.6% MLP=99.6% L2_dist=1.12 Cos_sim=0.914
    test_cross_user           (OOD)     KNN=87.2% LP=75.1% MLP=88.1% L2_dist=0.69 Cos_sim=0.966
  Layer 9:
    val_hp                    (in-dist) KNN=84.1% LP=71.4% MLP=82.5% L2_dist=3.39 Cos_sim=0.658
