nohup: ignoring input

Experiment: mae_har_ep150_mask0.75_strategyrandom_ph29pw25_seed42_enc12_dim128_bs128
[patch-pad] patch_h=29, patch_w=25 evenly divide 232x500, no padding needed. num_patches=160
[mem-check] num_patches=160  batch_size=128  encoder_depth=12  attention-score memory: 0.05 GB/layer, 0.59 GB cumulative (all layers retained for backward)
label_map: {'jumping': 0, 'running': 1, 'seated-breathing': 2, 'walking': 3, 'wavinghand': 4}  num_classes: 5
  test_id: 4602 samples
  test_cross_device: 9631 samples
  test_cross_env: 6650 samples
  test_cross_user: 12109 samples
MAE params: 2,658,709
Epoch 010/150 | loss=0.2455 | best=0.2455 | lr=1.48e-04
Epoch 020/150 | loss=0.1659 | best=0.1659 | lr=1.44e-04
Epoch 030/150 | loss=0.1390 | best=0.1390 | lr=1.36e-04
Epoch 040/150 | loss=0.1292 | best=0.1292 | lr=1.25e-04
Epoch 050/150 | loss=0.1256 | best=0.1256 | lr=1.12e-04

--- Eval at epoch 50 ---
  Layer 1:
    test_id                   (in-dist) KNN=93.7% LP=51.8% MLP=87.0% L2_dist=0.25 Cos_sim=0.998 AttnLight=79.3% AttnHeavy=97.4%
    test_cross_device         (OOD)     KNN=20.2% LP=51.3% MLP=17.5% L2_dist=2.63 Cos_sim=0.908 AttnLight=27.2% AttnHeavy=35.4%
    test_cross_env            (OOD)     KNN=35.4% LP=47.7% MLP=30.0% L2_dist=1.43 Cos_sim=0.948 AttnLight=34.7% AttnHeavy=31.7%
    test_cross_user           (OOD)     KNN=42.3% LP=50.9% MLP=39.9% L2_dist=1.56 Cos_sim=0.950 AttnLight=41.5% AttnHeavy=40.1%
  Layer 3:
    test_id                   (in-dist) KNN=94.6% LP=53.5% MLP=91.6% L2_dist=0.27 Cos_sim=0.996 AttnLight=87.0% AttnHeavy=97.8%
    test_cross_device         (OOD)     KNN=20.9% LP=47.3% MLP=22.9% L2_dist=2.88 Cos_sim=0.835 AttnLight=29.3% AttnHeavy=29.5%
    test_cross_env            (OOD)     KNN=33.8% LP=45.8% MLP=35.7% L2_dist=1.86 Cos_sim=0.899 AttnLight=35.2% AttnHeavy=27.7%
    test_cross_user           (OOD)     KNN=40.9% LP=45.7% MLP=40.8% L2_dist=1.79 Cos_sim=0.912 AttnLight=42.2% AttnHeavy=51.4%
  Layer 6:
    test_id                   (in-dist) KNN=95.1% LP=55.1% MLP=92.5% L2_dist=0.31 Cos_sim=0.993 AttnLight=88.1% AttnHeavy=97.7%
    test_cross_device         (OOD)     KNN=20.8% LP=49.0% MLP=28.7% L2_dist=3.22 Cos_sim=0.766 AttnLight=28.8% AttnHeavy=42.7%
    test_cross_env            (OOD)     KNN=34.9% LP=44.3% MLP=28.0% L2_dist=2.19 Cos_sim=0.815 AttnLight=31.8% AttnHeavy=32.2%
    test_cross_user           (OOD)     KNN=42.1% LP=47.9% MLP=43.7% L2_dist=1.99 Cos_sim=0.872 AttnLight=43.2% AttnHeavy=42.5%
  Layer 9:
    test_id                   (in-dist) KNN=94.9% LP=55.4% MLP=91.8% L2_dist=0.33 Cos_sim=0.995 AttnLight=88.2% AttnHeavy=97.5%
    test_cross_device         (OOD)     KNN=17.9% LP=42.5% MLP=30.4% L2_dist=3.83 Cos_sim=0.855 AttnLight=25.8% AttnHeavy=38.3%
    test_cross_env            (OOD)     KNN=34.7% LP=49.6% MLP=28.4% L2_dist=2.23 Cos_sim=0.840 AttnLight=40.4% AttnHeavy=24.1%
    test_cross_user           (OOD)     KNN=41.5% LP=40.2% MLP=44.0% L2_dist=2.29 Cos_sim=0.905 AttnLight=44.5% AttnHeavy=45.2%
  Layer 12:
    test_id                   (in-dist) KNN=94.8% LP=56.1% MLP=88.4% L2_dist=0.31 Cos_sim=0.999 AttnLight=81.3% AttnHeavy=96.2%
    test_cross_device         (OOD)     KNN=26.8% LP=49.4% MLP=31.9% L2_dist=4.73 Cos_sim=0.921 AttnLight=26.3% AttnHeavy=29.2%
    test_cross_env            (OOD)     KNN=36.0% LP=50.2% MLP=31.0% L2_dist=2.14 Cos_sim=0.956 AttnLight=36.1% AttnHeavy=37.2%
    test_cross_user           (OOD)     KNN=45.1% LP=47.3% MLP=48.0% L2_dist=2.55 Cos_sim=0.962 AttnLight=48.1% AttnHeavy=47.7%

Epoch 060/150 | loss=0.1236 | best=0.1236 | lr=9.82e-05
Epoch 070/150 | loss=0.1221 | best=0.1221 | lr=8.28e-05
Epoch 080/150 | loss=0.1209 | best=0.1209 | lr=6.72e-05
Epoch 090/150 | loss=0.1204 | best=0.1203 | lr=5.18e-05
Epoch 100/150 | loss=0.1198 | best=0.1198 | lr=3.75e-05

--- Eval at epoch 100 ---
  Layer 1:
    test_id                   (in-dist) KNN=93.6% LP=51.7% MLP=88.3% L2_dist=0.26 Cos_sim=0.997 AttnLight=82.1% AttnHeavy=97.7%
    test_cross_device         (OOD)     KNN=22.0% LP=50.9% MLP=20.9% L2_dist=2.77 Cos_sim=0.887 AttnLight=21.1% AttnHeavy=33.8%
    test_cross_env            (OOD)     KNN=35.7% LP=46.4% MLP=29.8% L2_dist=1.52 Cos_sim=0.929 AttnLight=37.8% AttnHeavy=34.8%
    test_cross_user           (OOD)     KNN=42.8% LP=50.9% MLP=39.3% L2_dist=1.57 Cos_sim=0.941 AttnLight=42.3% AttnHeavy=44.2%
  Layer 3:
    test_id                   (in-dist) KNN=94.8% LP=54.7% MLP=93.2% L2_dist=0.27 Cos_sim=0.995 AttnLight=89.2% AttnHeavy=97.8%
    test_cross_device         (OOD)     KNN=18.8% LP=50.4% MLP=21.8% L2_dist=3.04 Cos_sim=0.795 AttnLight=29.6% AttnHeavy=27.8%
    test_cross_env            (OOD)     KNN=31.9% LP=46.8% MLP=26.1% L2_dist=1.90 Cos_sim=0.867 AttnLight=31.6% AttnHeavy=31.9%
    test_cross_user           (OOD)     KNN=40.9% LP=48.6% MLP=40.8% L2_dist=1.80 Cos_sim=0.888 AttnLight=43.8% AttnHeavy=48.7%
  Layer 6:
    test_id                   (in-dist) KNN=95.3% LP=55.8% MLP=94.0% L2_dist=0.30 Cos_sim=0.991 AttnLight=86.9% AttnHeavy=98.2%
    test_cross_device         (OOD)     KNN=20.3% LP=45.0% MLP=23.1% L2_dist=3.35 Cos_sim=0.718 AttnLight=34.6% AttnHeavy=29.4%
    test_cross_env            (OOD)     KNN=35.5% LP=41.9% MLP=38.8% L2_dist=2.17 Cos_sim=0.769 AttnLight=33.6% AttnHeavy=30.9%
    test_cross_user           (OOD)     KNN=41.8% LP=50.2% MLP=41.5% L2_dist=1.99 Cos_sim=0.847 AttnLight=47.9% AttnHeavy=40.9%
  Layer 9:
    test_id                   (in-dist) KNN=95.1% LP=55.9% MLP=93.7% L2_dist=0.32 Cos_sim=0.994 AttnLight=90.4% AttnHeavy=98.1%
    test_cross_device         (OOD)     KNN=24.0% LP=37.5% MLP=24.8% L2_dist=3.80 Cos_sim=0.813 AttnLight=23.6% AttnHeavy=25.4%
    test_cross_env            (OOD)     KNN=36.3% LP=47.4% MLP=35.5% L2_dist=2.12 Cos_sim=0.831 AttnLight=30.1% AttnHeavy=25.1%
    test_cross_user           (OOD)     KNN=43.8% LP=44.6% MLP=43.5% L2_dist=2.22 Cos_sim=0.885 AttnLight=44.4% AttnHeavy=43.2%
  Layer 12:
    test_id                   (in-dist) KNN=95.2% LP=55.7% MLP=91.0% L2_dist=0.31 Cos_sim=0.999 AttnLight=87.0% AttnHeavy=97.2%
    test_cross_device         (OOD)     KNN=24.1% LP=43.6% MLP=30.2% L2_dist=4.49 Cos_sim=0.920 AttnLight=22.8% AttnHeavy=39.9%
    test_cross_env            (OOD)     KNN=37.2% LP=48.6% MLP=37.9% L2_dist=1.99 Cos_sim=0.960 AttnLight=34.4% AttnHeavy=38.6%
    test_cross_user           (OOD)     KNN=42.6% LP=46.3% MLP=43.8% L2_dist=2.46 Cos_sim=0.962 AttnLight=44.3% AttnHeavy=46.0%

Epoch 110/150 | loss=0.1195 | best=0.1195 | lr=2.48e-05
Epoch 120/150 | loss=0.1192 | best=0.1191 | lr=1.43e-05
Epoch 130/150 | loss=0.1189 | best=0.1189 | lr=6.48e-06
Epoch 140/150 | loss=0.1188 | best=0.1188 | lr=1.64e-06
Epoch 150/150 | loss=0.1187 | best=0.1187 | lr=0.00e+00

--- Eval at epoch 150 ---
  Layer 1:
    test_id                   (in-dist) KNN=93.8% LP=51.7% MLP=88.3% L2_dist=0.26 Cos_sim=0.997 AttnLight=82.4% AttnHeavy=98.0%
    test_cross_device         (OOD)     KNN=22.4% LP=51.0% MLP=18.3% L2_dist=2.78 Cos_sim=0.879 AttnLight=27.3% AttnHeavy=35.2%
    test_cross_env            (OOD)     KNN=35.9% LP=45.8% MLP=28.6% L2_dist=1.53 Cos_sim=0.923 AttnLight=38.6% AttnHeavy=22.4%
    test_cross_user           (OOD)     KNN=42.8% LP=51.0% MLP=41.3% L2_dist=1.58 Cos_sim=0.936 AttnLight=41.4% AttnHeavy=50.8%
  Layer 3:
    test_id                   (in-dist) KNN=94.8% LP=54.7% MLP=92.7% L2_dist=0.27 Cos_sim=0.995 AttnLight=88.7% AttnHeavy=98.2%
    test_cross_device         (OOD)     KNN=19.0% LP=46.9% MLP=18.8% L2_dist=3.06 Cos_sim=0.785 AttnLight=29.0% AttnHeavy=33.0%
    test_cross_env            (OOD)     KNN=31.6% LP=43.9% MLP=31.6% L2_dist=1.91 Cos_sim=0.855 AttnLight=32.2% AttnHeavy=33.8%
    test_cross_user           (OOD)     KNN=40.8% LP=48.7% MLP=39.7% L2_dist=1.81 Cos_sim=0.878 AttnLight=41.8% AttnHeavy=44.9%
  Layer 6:
    test_id                   (in-dist) KNN=95.3% LP=56.1% MLP=94.2% L2_dist=0.30 Cos_sim=0.990 AttnLight=91.0% AttnHeavy=98.2%
    test_cross_device         (OOD)     KNN=20.1% LP=44.7% MLP=23.8% L2_dist=3.38 Cos_sim=0.696 AttnLight=30.0% AttnHeavy=28.5%
    test_cross_env            (OOD)     KNN=35.4% LP=40.8% MLP=31.7% L2_dist=2.17 Cos_sim=0.744 AttnLight=36.0% AttnHeavy=39.3%
    test_cross_user           (OOD)     KNN=41.8% LP=49.9% MLP=44.5% L2_dist=2.00 Cos_sim=0.831 AttnLight=42.7% AttnHeavy=38.7%
  Layer 9:
    test_id                   (in-dist) KNN=95.2% LP=56.3% MLP=93.8% L2_dist=0.32 Cos_sim=0.994 AttnLight=91.9% AttnHeavy=98.2%
    test_cross_device         (OOD)     KNN=27.0% LP=37.8% MLP=29.2% L2_dist=3.81 Cos_sim=0.815 AttnLight=24.6% AttnHeavy=26.8%
    test_cross_env            (OOD)     KNN=35.2% LP=47.0% MLP=31.9% L2_dist=2.11 Cos_sim=0.829 AttnLight=29.9% AttnHeavy=40.0%
    test_cross_user           (OOD)     KNN=45.0% LP=45.0% MLP=43.4% L2_dist=2.21 Cos_sim=0.885 AttnLight=43.3% AttnHeavy=45.9%
  Layer 12:
    test_id                   (in-dist) KNN=94.9% LP=55.8% MLP=91.5% L2_dist=0.30 Cos_sim=0.999 AttnLight=86.7% AttnHeavy=97.4%
    test_cross_device         (OOD)     KNN=25.0% LP=44.7% MLP=35.1% L2_dist=4.47 Cos_sim=0.925 AttnLight=26.7% AttnHeavy=40.8%
    test_cross_env            (OOD)     KNN=36.5% LP=47.2% MLP=38.0% L2_dist=1.94 Cos_sim=0.963 AttnLight=31.0% AttnHeavy=37.2%
    test_cross_user           (OOD)     KNN=42.7% LP=46.6% MLP=45.0% L2_dist=2.46 Cos_sim=0.964 AttnLight=38.4% AttnHeavy=46.2%


Done. Best pretrain loss: 0.1187
Results: /home/zhuzih19/csi-project/csi-fall-detection/results/mae_har/mae_har_ep150_mask0.75_strategyrandom_ph29pw25_seed42_enc12_dim128_bs128.json
Checkpoint: /home/zhuzih19/csi-project/csi-fall-detection/checkpoints/mae_har/mae_har_ep150_mask0.75_strategyrandom_ph29pw25_seed42_enc12_dim128_bs128_best.pt
