
Experiment: mae_hid_ep150_mask0.75_strategy2d_ph29pw25_seed42_enc12_dim128_bs128  (task=HumanIdentification)
[patch-pad] patch_h=29, patch_w=25 evenly divide 232x500, no padding needed. num_patches=160
[mem-check] num_patches=160  batch_size=128  encoder_depth=12  attention-score memory: 0.05 GB/layer, 0.59 GB cumulative (all layers retained for backward)
label_map: {'U01': 0, 'U03': 1, 'U04': 2, 'U05': 3, 'U06': 4, 'U22': 5}  num_classes: 6
  test_id: 4602 samples
  test_cross_device: 9631 samples -- OPEN-SET eval (contains identities not in train_id's label_map: ['U02']). Uses Rank-1 retrieval + verification AUC/EER instead of KNN/LP/MLP.
  test_cross_env: 6650 samples
  test_cross_user: 12109 samples -- OPEN-SET eval (contains identities not in train_id's label_map: ['U02']). Uses Rank-1 retrieval + verification AUC/EER instead of KNN/LP/MLP.
MAE params: 2,658,709
Epoch 010/150 | loss=0.2557 | best=0.2557 | lr=1.48e-04
Epoch 020/150 | loss=0.1694 | best=0.1694 | lr=1.44e-04
Epoch 030/150 | loss=0.1449 | best=0.1449 | lr=1.36e-04
Epoch 040/150 | loss=0.1367 | best=0.1367 | lr=1.25e-04
Epoch 050/150 | loss=0.1328 | best=0.1328 | lr=1.12e-04

--- Eval at epoch 50 ---
  Layer 1:
    test_id                   (in-dist) KNN=100.0% LP=93.0% MLP=100.0% L2_dist=0.19 Cos_sim=0.999
    test_cross_env            (OOD)     KNN=20.3% LP=32.0% MLP=27.0% L2_dist=1.13 Cos_sim=0.969
    test_cross_device         (OPEN-SET) identities=7   Rank1=99.8%    (n_query=4817)  VerifAUC=0.7647  EER=0.3307
    test_cross_user           (OPEN-SET) identities=1   Rank1=100.0%   (n_query=6055)  VerifAUC=n/a  EER=n/a (TRIVIAL -- single identity in this split)
  Layer 3:
    test_id                   (in-dist) KNN=100.0% LP=97.8% MLP=100.0% L2_dist=0.21 Cos_sim=0.999
    test_cross_env            (OOD)     KNN=21.5% LP=25.4% MLP=21.8% L2_dist=1.31 Cos_sim=0.959
    test_cross_device         (OPEN-SET) identities=7   Rank1=99.9%    (n_query=4817)  VerifAUC=0.7641  EER=0.3285
    test_cross_user           (OPEN-SET) identities=1   Rank1=100.0%   (n_query=6055)  VerifAUC=n/a  EER=n/a (TRIVIAL -- single identity in this split)
  Layer 6:
    test_id                   (in-dist) KNN=100.0% LP=98.7% MLP=100.0% L2_dist=0.23 Cos_sim=0.998
    test_cross_env            (OOD)     KNN=19.5% LP=13.3% MLP=19.3% L2_dist=1.52 Cos_sim=0.942
    test_cross_device         (OPEN-SET) identities=7   Rank1=99.8%    (n_query=4817)  VerifAUC=0.7197  EER=0.3663
    test_cross_user           (OPEN-SET) identities=1   Rank1=100.0%   (n_query=6055)  VerifAUC=n/a  EER=n/a (TRIVIAL -- single identity in this split)
  Layer 9:
    test_id                   (in-dist) KNN=100.0% LP=99.4% MLP=100.0% L2_dist=0.25 Cos_sim=0.998
    test_cross_env            (OOD)     KNN=12.1% LP=16.1% MLP=16.6% L2_dist=1.94 Cos_sim=0.924
    test_cross_device         (OPEN-SET) identities=7   Rank1=99.9%    (n_query=4817)  VerifAUC=0.7084  EER=0.3789
    test_cross_user           (OPEN-SET) identities=1   Rank1=100.0%   (n_query=6055)  VerifAUC=n/a  EER=n/a (TRIVIAL -- single identity in this split)
  Layer 12:
    test_id                   (in-dist) KNN=100.0% LP=98.6% MLP=100.0% L2_dist=0.25 Cos_sim=0.999
    test_cross_env            (OOD)     KNN=15.3% LP=18.5% MLP=17.1% L2_dist=2.59 Cos_sim=0.929
    test_cross_device         (OPEN-SET) identities=7   Rank1=99.8%    (n_query=4817)  VerifAUC=0.7278  EER=0.3532
    test_cross_user           (OPEN-SET) identities=1   Rank1=100.0%   (n_query=6055)  VerifAUC=n/a  EER=n/a (TRIVIAL -- single identity in this split)

Epoch 060/150 | loss=0.1302 | best=0.1302 | lr=9.82e-05
Epoch 070/150 | loss=0.1284 | best=0.1284 | lr=8.28e-05
Epoch 080/150 | loss=0.1274 | best=0.1274 | lr=6.72e-05
Epoch 090/150 | loss=0.1265 | best=0.1265 | lr=5.18e-05
Epoch 100/150 | loss=0.1257 | best=0.1256 | lr=3.75e-05

--- Eval at epoch 100 ---
  Layer 1:
    test_id                   (in-dist) KNN=100.0% LP=93.7% MLP=100.0% L2_dist=0.20 Cos_sim=0.998
    test_cross_env            (OOD)     KNN=19.3% LP=32.1% MLP=24.7% L2_dist=1.29 Cos_sim=0.953
    test_cross_device         (OPEN-SET) identities=7   Rank1=99.8%    (n_query=4817)  VerifAUC=0.7614  EER=0.3381
    test_cross_user           (OPEN-SET) identities=1   Rank1=100.0%   (n_query=6055)  VerifAUC=n/a  EER=n/a (TRIVIAL -- single identity in this split)
  Layer 3:
    test_id                   (in-dist) KNN=100.0% LP=98.1% MLP=100.0% L2_dist=0.22 Cos_sim=0.998
    test_cross_env            (OOD)     KNN=19.0% LP=13.7% MLP=26.0% L2_dist=1.51 Cos_sim=0.934
    test_cross_device         (OPEN-SET) identities=7   Rank1=99.9%    (n_query=4817)  VerifAUC=0.7657  EER=0.3222
    test_cross_user           (OPEN-SET) identities=1   Rank1=100.0%   (n_query=6055)  VerifAUC=n/a  EER=n/a (TRIVIAL -- single identity in this split)
  Layer 6:
    test_id                   (in-dist) KNN=100.0% LP=98.9% MLP=100.0% L2_dist=0.23 Cos_sim=0.998
    test_cross_env            (OOD)     KNN=21.0% LP=8.5% MLP=20.7% L2_dist=1.89 Cos_sim=0.891
    test_cross_device         (OPEN-SET) identities=7   Rank1=99.8%    (n_query=4817)  VerifAUC=0.7314  EER=0.3669
    test_cross_user           (OPEN-SET) identities=1   Rank1=100.0%   (n_query=6055)  VerifAUC=n/a  EER=n/a (TRIVIAL -- single identity in this split)
  Layer 9:
    test_id                   (in-dist) KNN=100.0% LP=99.8% MLP=100.0% L2_dist=0.25 Cos_sim=0.998
    test_cross_env            (OOD)     KNN=13.0% LP=14.9% MLP=14.9% L2_dist=2.09 Cos_sim=0.902
    test_cross_device         (OPEN-SET) identities=7   Rank1=99.8%    (n_query=4817)  VerifAUC=0.7404  EER=0.3246
    test_cross_user           (OPEN-SET) identities=1   Rank1=100.0%   (n_query=6055)  VerifAUC=n/a  EER=n/a (TRIVIAL -- single identity in this split)
  Layer 12:
    test_id                   (in-dist) KNN=100.0% LP=99.5% MLP=100.0% L2_dist=0.25 Cos_sim=0.999
    test_cross_env            (OOD)     KNN=13.2% LP=24.1% MLP=25.3% L2_dist=2.45 Cos_sim=0.930
    test_cross_device         (OPEN-SET) identities=7   Rank1=99.8%    (n_query=4817)  VerifAUC=0.7546  EER=0.3290
    test_cross_user           (OPEN-SET) identities=1   Rank1=100.0%   (n_query=6055)  VerifAUC=n/a  EER=n/a (TRIVIAL -- single identity in this split)

Epoch 110/150 | loss=0.1252 | best=0.1251 | lr=2.48e-05
Epoch 120/150 | loss=0.1247 | best=0.1247 | lr=1.43e-05
Epoch 130/150 | loss=0.1245 | best=0.1244 | lr=6.48e-06
Epoch 140/150 | loss=0.1245 | best=0.1243 | lr=1.64e-06
Epoch 150/150 | loss=0.1243 | best=0.1241 | lr=0.00e+00

--- Eval at epoch 150 ---
  Layer 1:
    test_id                   (in-dist) KNN=100.0% LP=93.8% MLP=100.0% L2_dist=0.20 Cos_sim=0.998
    test_cross_env            (OOD)     KNN=19.7% LP=31.6% MLP=24.5% L2_dist=1.31 Cos_sim=0.949
    test_cross_device         (OPEN-SET) identities=7   Rank1=99.8%    (n_query=4817)  VerifAUC=0.7622  EER=0.3401
    test_cross_user           (OPEN-SET) identities=1   Rank1=100.0%   (n_query=6055)  VerifAUC=n/a  EER=n/a (TRIVIAL -- single identity in this split)
  Layer 3:
    test_id                   (in-dist) KNN=100.0% LP=98.2% MLP=100.0% L2_dist=0.22 Cos_sim=0.998
    test_cross_env            (OOD)     KNN=17.9% LP=12.0% MLP=26.6% L2_dist=1.53 Cos_sim=0.928
    test_cross_device         (OPEN-SET) identities=7   Rank1=99.9%    (n_query=4817)  VerifAUC=0.7700  EER=0.3148
    test_cross_user           (OPEN-SET) identities=1   Rank1=100.0%   (n_query=6055)  VerifAUC=n/a  EER=n/a (TRIVIAL -- single identity in this split)
  Layer 6:
    test_id                   (in-dist) KNN=100.0% LP=98.9% MLP=100.0% L2_dist=0.23 Cos_sim=0.998
    test_cross_env            (OOD)     KNN=20.3% LP=7.2% MLP=17.2% L2_dist=1.95 Cos_sim=0.878
    test_cross_device         (OPEN-SET) identities=7   Rank1=99.8%    (n_query=4817)  VerifAUC=0.7393  EER=0.3536
    test_cross_user           (OPEN-SET) identities=1   Rank1=100.0%   (n_query=6055)  VerifAUC=n/a  EER=n/a (TRIVIAL -- single identity in this split)
  Layer 9:
    test_id                   (in-dist) KNN=100.0% LP=99.8% MLP=100.0% L2_dist=0.24 Cos_sim=0.998
    test_cross_env            (OOD)     KNN=13.3% LP=19.3% MLP=17.1% L2_dist=2.08 Cos_sim=0.900
    test_cross_device         (OPEN-SET) identities=7   Rank1=99.8%    (n_query=4817)  VerifAUC=0.7516  EER=0.3157
    test_cross_user           (OPEN-SET) identities=1   Rank1=100.0%   (n_query=6055)  VerifAUC=n/a  EER=n/a (TRIVIAL -- single identity in this split)
  Layer 12:
    test_id                   (in-dist) KNN=100.0% LP=99.5% MLP=100.0% L2_dist=0.25 Cos_sim=0.999
    test_cross_env            (OOD)     KNN=14.6% LP=23.3% MLP=23.5% L2_dist=2.35 Cos_sim=0.937
    test_cross_device         (OPEN-SET) identities=7   Rank1=99.8%    (n_query=4817)  VerifAUC=0.7602  EER=0.3227
    test_cross_user           (OPEN-SET) identities=1   Rank1=100.0%   (n_query=6055)  VerifAUC=n/a  EER=n/a (TRIVIAL -- single identity in this split)


Done. Best pretrain loss: 0.1241
Results: /home/zhuzih19/csi-project/csi-fall-detection/results/mae_hid/mae_hid_ep150_mask0.75_strategy2d_ph29pw25_seed42_enc12_dim128_bs128.json
Checkpoint: /home/zhuzih19/csi-project/csi-fall-detection/checkpoints/mae_hid/mae_hid_ep150_mask0.75_strategy2d_ph29pw25_seed42_enc12_dim128_bs128_best.pt
