nohup: ignoring input

Experiment: mae_hid_ep150_mask0.75_strategyrandom_ph15pw15_seed43_enc12_dim128_bs128  (task=HumanIdentification)
[patch-pad] patch_h=15, patch_w=15 do not evenly divide 232x500 -- zero-padding input to 240x510 (+8 subcarriers, +10 timesteps). num_patches=544 (n_h=16, n_w=34)
[mem-check] num_patches=544  batch_size=128  encoder_depth=12  attention-score memory: 0.56 GB/layer, 6.77 GB cumulative (all layers retained for backward)
label_map: {'U01': 0, 'U03': 1, 'U04': 2, 'U05': 3, 'U06': 4, 'U22': 5}  num_classes: 6
  test_id: 4602 samples
  test_cross_device: 9631 samples -- OPEN-SET eval (contains identities not in train_id's label_map: ['U02']). Uses Rank-1 retrieval + verification AUC/EER instead of KNN/LP/MLP.
  test_cross_env: 6650 samples
  test_cross_user: 12109 samples -- OPEN-SET eval (contains identities not in train_id's label_map: ['U02']). Uses Rank-1 retrieval + verification AUC/EER instead of KNN/LP/MLP.
MAE params: 2,635,937
Epoch 010/150 | loss=0.2151 | best=0.2151 | lr=1.48e-04
Epoch 020/150 | loss=0.1547 | best=0.1547 | lr=1.44e-04
Epoch 030/150 | loss=0.1368 | best=0.1368 | lr=1.36e-04
Epoch 040/150 | loss=0.1309 | best=0.1309 | lr=1.25e-04
Epoch 050/150 | loss=0.1280 | best=0.1280 | lr=1.12e-04

--- Eval at epoch 50 ---
  Layer 1:
    test_id                   (in-dist) KNN=100.0% LP=85.8% MLP=100.0% L2_dist=0.12 Cos_sim=1.000
    test_cross_env            (OOD)     KNN=18.7% LP=23.4% MLP=13.5% L2_dist=1.04 Cos_sim=0.974
    test_cross_device         (OPEN-SET) identities=7   Rank1=99.7%    (n_query=4817)  VerifAUC=0.7348  EER=0.3348
    test_cross_user           (OPEN-SET) identities=1   Rank1=100.0%   (n_query=6055)  VerifAUC=n/a  EER=n/a (TRIVIAL -- single identity in this split)
  Layer 3:
    test_id                   (in-dist) KNN=100.0% LP=95.8% MLP=100.0% L2_dist=0.17 Cos_sim=0.999
    test_cross_env            (OOD)     KNN=15.8% LP=21.0% MLP=9.9% L2_dist=1.57 Cos_sim=0.924
    test_cross_device         (OPEN-SET) identities=7   Rank1=99.8%    (n_query=4817)  VerifAUC=0.7676  EER=0.2986
    test_cross_user           (OPEN-SET) identities=1   Rank1=100.0%   (n_query=6055)  VerifAUC=n/a  EER=n/a (TRIVIAL -- single identity in this split)
  Layer 6:
    test_id                   (in-dist) KNN=100.0% LP=98.9% MLP=100.0% L2_dist=0.21 Cos_sim=0.997
    test_cross_env            (OOD)     KNN=17.1% LP=19.3% MLP=21.5% L2_dist=1.79 Cos_sim=0.877
    test_cross_device         (OPEN-SET) identities=7   Rank1=99.9%    (n_query=4817)  VerifAUC=0.7458  EER=0.3407
    test_cross_user           (OPEN-SET) identities=1   Rank1=100.0%   (n_query=6055)  VerifAUC=n/a  EER=n/a (TRIVIAL -- single identity in this split)
  Layer 9:
    test_id                   (in-dist) KNN=100.0% LP=99.1% MLP=100.0% L2_dist=0.23 Cos_sim=0.997
    test_cross_env            (OOD)     KNN=14.5% LP=12.7% MLP=28.2% L2_dist=2.05 Cos_sim=0.849
    test_cross_device         (OPEN-SET) identities=7   Rank1=99.9%    (n_query=4817)  VerifAUC=0.7465  EER=0.3313
    test_cross_user           (OPEN-SET) identities=1   Rank1=100.0%   (n_query=6055)  VerifAUC=n/a  EER=n/a (TRIVIAL -- single identity in this split)
  Layer 12:
    test_id                   (in-dist) KNN=100.0% LP=98.4% MLP=100.0% L2_dist=0.19 Cos_sim=0.999
    test_cross_env            (OOD)     KNN=11.7% LP=5.6% MLP=10.9% L2_dist=1.66 Cos_sim=0.961
    test_cross_device         (OPEN-SET) identities=7   Rank1=99.9%    (n_query=4817)  VerifAUC=0.7359  EER=0.3563
    test_cross_user           (OPEN-SET) identities=1   Rank1=100.0%   (n_query=6055)  VerifAUC=n/a  EER=n/a (TRIVIAL -- single identity in this split)

Epoch 060/150 | loss=0.1260 | best=0.1260 | lr=9.82e-05
Epoch 070/150 | loss=0.1247 | best=0.1247 | lr=8.28e-05
Epoch 080/150 | loss=0.1237 | best=0.1237 | lr=6.72e-05
Epoch 090/150 | loss=0.1228 | best=0.1228 | lr=5.18e-05
Epoch 100/150 | loss=0.1214 | best=0.1214 | lr=3.75e-05

--- Eval at epoch 100 ---
  Layer 1:
    test_id                   (in-dist) KNN=100.0% LP=87.5% MLP=100.0% L2_dist=0.12 Cos_sim=0.999
    test_cross_env            (OOD)     KNN=18.3% LP=20.2% MLP=15.8% L2_dist=1.08 Cos_sim=0.970
    test_cross_device         (OPEN-SET) identities=7   Rank1=99.8%    (n_query=4817)  VerifAUC=0.7372  EER=0.3307
    test_cross_user           (OPEN-SET) identities=1   Rank1=100.0%   (n_query=6055)  VerifAUC=n/a  EER=n/a (TRIVIAL -- single identity in this split)
  Layer 3:
    test_id                   (in-dist) KNN=100.0% LP=96.7% MLP=100.0% L2_dist=0.18 Cos_sim=0.999
    test_cross_env            (OOD)     KNN=15.6% LP=22.9% MLP=10.0% L2_dist=1.50 Cos_sim=0.923
    test_cross_device         (OPEN-SET) identities=7   Rank1=99.8%    (n_query=4817)  VerifAUC=0.7760  EER=0.2852
    test_cross_user           (OPEN-SET) identities=1   Rank1=100.0%   (n_query=6055)  VerifAUC=n/a  EER=n/a (TRIVIAL -- single identity in this split)
  Layer 6:
    test_id                   (in-dist) KNN=100.0% LP=99.3% MLP=100.0% L2_dist=0.20 Cos_sim=0.997
    test_cross_env            (OOD)     KNN=14.8% LP=14.0% MLP=16.0% L2_dist=1.76 Cos_sim=0.868
    test_cross_device         (OPEN-SET) identities=7   Rank1=99.9%    (n_query=4817)  VerifAUC=0.7463  EER=0.3387
    test_cross_user           (OPEN-SET) identities=1   Rank1=100.0%   (n_query=6055)  VerifAUC=n/a  EER=n/a (TRIVIAL -- single identity in this split)
  Layer 9:
    test_id                   (in-dist) KNN=100.0% LP=99.6% MLP=100.0% L2_dist=0.22 Cos_sim=0.997
    test_cross_env            (OOD)     KNN=12.2% LP=6.1% MLP=14.3% L2_dist=2.00 Cos_sim=0.842
    test_cross_device         (OPEN-SET) identities=7   Rank1=99.9%    (n_query=4817)  VerifAUC=0.7440  EER=0.3341
    test_cross_user           (OPEN-SET) identities=1   Rank1=100.0%   (n_query=6055)  VerifAUC=n/a  EER=n/a (TRIVIAL -- single identity in this split)
  Layer 12:
    test_id                   (in-dist) KNN=100.0% LP=98.7% MLP=100.0% L2_dist=0.18 Cos_sim=0.999
    test_cross_env            (OOD)     KNN=10.5% LP=4.3% MLP=12.0% L2_dist=1.68 Cos_sim=0.956
    test_cross_device         (OPEN-SET) identities=7   Rank1=99.9%    (n_query=4817)  VerifAUC=0.7422  EER=0.3473
    test_cross_user           (OPEN-SET) identities=1   Rank1=100.0%   (n_query=6055)  VerifAUC=n/a  EER=n/a (TRIVIAL -- single identity in this split)

Epoch 110/150 | loss=0.1203 | best=0.1203 | lr=2.48e-05
Epoch 120/150 | loss=0.1196 | best=0.1196 | lr=1.43e-05
Epoch 130/150 | loss=0.1193 | best=0.1193 | lr=6.48e-06
Epoch 140/150 | loss=0.1191 | best=0.1191 | lr=1.64e-06
Epoch 150/150 | loss=0.1191 | best=0.1190 | lr=0.00e+00

--- Eval at epoch 150 ---
  Layer 1:
    test_id                   (in-dist) KNN=100.0% LP=87.3% MLP=100.0% L2_dist=0.12 Cos_sim=0.999
    test_cross_env            (OOD)     KNN=19.0% LP=20.7% MLP=17.4% L2_dist=1.10 Cos_sim=0.968
    test_cross_device         (OPEN-SET) identities=7   Rank1=99.8%    (n_query=4817)  VerifAUC=0.7368  EER=0.3298
    test_cross_user           (OPEN-SET) identities=1   Rank1=100.0%   (n_query=6055)  VerifAUC=n/a  EER=n/a (TRIVIAL -- single identity in this split)
  Layer 3:
    test_id                   (in-dist) KNN=100.0% LP=96.9% MLP=100.0% L2_dist=0.17 Cos_sim=0.999
    test_cross_env            (OOD)     KNN=15.7% LP=22.5% MLP=11.0% L2_dist=1.47 Cos_sim=0.928
    test_cross_device         (OPEN-SET) identities=7   Rank1=99.8%    (n_query=4817)  VerifAUC=0.7745  EER=0.2830
    test_cross_user           (OPEN-SET) identities=1   Rank1=100.0%   (n_query=6055)  VerifAUC=n/a  EER=n/a (TRIVIAL -- single identity in this split)
  Layer 6:
    test_id                   (in-dist) KNN=100.0% LP=99.2% MLP=100.0% L2_dist=0.20 Cos_sim=0.997
    test_cross_env            (OOD)     KNN=14.9% LP=14.5% MLP=17.1% L2_dist=1.69 Cos_sim=0.881
    test_cross_device         (OPEN-SET) identities=7   Rank1=99.9%    (n_query=4817)  VerifAUC=0.7483  EER=0.3361
    test_cross_user           (OPEN-SET) identities=1   Rank1=100.0%   (n_query=6055)  VerifAUC=n/a  EER=n/a (TRIVIAL -- single identity in this split)
  Layer 9:
    test_id                   (in-dist) KNN=100.0% LP=99.4% MLP=100.0% L2_dist=0.21 Cos_sim=0.997
    test_cross_env            (OOD)     KNN=12.7% LP=6.8% MLP=15.5% L2_dist=1.89 Cos_sim=0.864
    test_cross_device         (OPEN-SET) identities=7   Rank1=99.9%    (n_query=4817)  VerifAUC=0.7467  EER=0.3352
    test_cross_user           (OPEN-SET) identities=1   Rank1=100.0%   (n_query=6055)  VerifAUC=n/a  EER=n/a (TRIVIAL -- single identity in this split)
  Layer 12:
    test_id                   (in-dist) KNN=100.0% LP=98.6% MLP=100.0% L2_dist=0.17 Cos_sim=0.999
    test_cross_env            (OOD)     KNN=12.5% LP=7.6% MLP=15.3% L2_dist=1.59 Cos_sim=0.962
    test_cross_device         (OPEN-SET) identities=7   Rank1=99.9%    (n_query=4817)  VerifAUC=0.7473  EER=0.3464
    test_cross_user           (OPEN-SET) identities=1   Rank1=100.0%   (n_query=6055)  VerifAUC=n/a  EER=n/a (TRIVIAL -- single identity in this split)


Done. Best pretrain loss: 0.1190
Results: /home/zhuzih19/csi-project/csi-fall-detection/results/mae_hid/mae_hid_ep150_mask0.75_strategyrandom_ph15pw15_seed43_enc12_dim128_bs128.json
Checkpoint: /home/zhuzih19/csi-project/csi-fall-detection/checkpoints/mae_hid/mae_hid_ep150_mask0.75_strategyrandom_ph15pw15_seed43_enc12_dim128_bs128_best.pt
