
Experiment: mae_hid_ep150_mask0.75_strategyfreq_ph29pw25_seed43_enc12_dim128_bs128  (task=HumanIdentification)
[patch-pad] patch_h=29, patch_w=25 evenly divide 232x500, no padding needed. num_patches=160
[mem-check] num_patches=160  batch_size=128  encoder_depth=12  attention-score memory: 0.05 GB/layer, 0.59 GB cumulative (all layers retained for backward)
label_map: {'U01': 0, 'U03': 1, 'U04': 2, 'U05': 3, 'U06': 4, 'U22': 5}  num_classes: 6
  test_id: 4602 samples
  test_cross_device: 9631 samples -- OPEN-SET eval (contains identities not in train_id's label_map: ['U02']). Uses Rank-1 retrieval + verification AUC/EER instead of KNN/LP/MLP.
  test_cross_env: 6650 samples
  test_cross_user: 12109 samples -- OPEN-SET eval (contains identities not in train_id's label_map: ['U02']). Uses Rank-1 retrieval + verification AUC/EER instead of KNN/LP/MLP.
MAE params: 2,658,709
Epoch 010/150 | loss=0.3056 | best=0.3056 | lr=1.48e-04
Epoch 020/150 | loss=0.2601 | best=0.2601 | lr=1.44e-04
Epoch 030/150 | loss=0.2519 | best=0.2519 | lr=1.36e-04
Epoch 040/150 | loss=0.2496 | best=0.2496 | lr=1.25e-04
Epoch 050/150 | loss=0.2470 | best=0.2470 | lr=1.12e-04

--- Eval at epoch 50 ---
  Layer 1:
    test_id                   (in-dist) KNN=99.8% LP=83.7% MLP=100.0% L2_dist=0.11 Cos_sim=1.000
    test_cross_env            (OOD)     KNN=20.3% LP=32.6% MLP=17.9% L2_dist=0.75 Cos_sim=0.988
    test_cross_device         (OPEN-SET) identities=7   Rank1=99.5%    (n_query=4817)  VerifAUC=0.7437  EER=0.3194
    test_cross_user           (OPEN-SET) identities=1   Rank1=100.0%   (n_query=6055)  VerifAUC=n/a  EER=n/a (TRIVIAL -- single identity in this split)
  Layer 3:
    test_id                   (in-dist) KNN=99.9% LP=93.4% MLP=100.0% L2_dist=0.13 Cos_sim=1.000
    test_cross_env            (OOD)     KNN=22.3% LP=25.9% MLP=34.8% L2_dist=0.81 Cos_sim=0.988
    test_cross_device         (OPEN-SET) identities=7   Rank1=99.6%    (n_query=4817)  VerifAUC=0.7245  EER=0.3373
    test_cross_user           (OPEN-SET) identities=1   Rank1=100.0%   (n_query=6055)  VerifAUC=n/a  EER=n/a (TRIVIAL -- single identity in this split)
  Layer 6:
    test_id                   (in-dist) KNN=99.9% LP=94.8% MLP=100.0% L2_dist=0.16 Cos_sim=0.999
    test_cross_env            (OOD)     KNN=21.4% LP=11.8% MLP=21.9% L2_dist=1.24 Cos_sim=0.967
    test_cross_device         (OPEN-SET) identities=7   Rank1=99.5%    (n_query=4817)  VerifAUC=0.7131  EER=0.3587
    test_cross_user           (OPEN-SET) identities=1   Rank1=100.0%   (n_query=6055)  VerifAUC=n/a  EER=n/a (TRIVIAL -- single identity in this split)
  Layer 9:
    test_id                   (in-dist) KNN=99.8% LP=94.0% MLP=100.0% L2_dist=0.19 Cos_sim=0.999
    test_cross_env            (OOD)     KNN=23.4% LP=21.8% MLP=26.9% L2_dist=1.27 Cos_sim=0.967
    test_cross_device         (OPEN-SET) identities=7   Rank1=99.4%    (n_query=4817)  VerifAUC=0.6916  EER=0.3923
    test_cross_user           (OPEN-SET) identities=1   Rank1=100.0%   (n_query=6055)  VerifAUC=n/a  EER=n/a (TRIVIAL -- single identity in this split)
  Layer 12:
    test_id                   (in-dist) KNN=99.7% LP=93.8% MLP=99.9% L2_dist=0.20 Cos_sim=0.999
    test_cross_env            (OOD)     KNN=26.2% LP=14.1% MLP=19.2% L2_dist=1.28 Cos_sim=0.977
    test_cross_device         (OPEN-SET) identities=7   Rank1=99.4%    (n_query=4817)  VerifAUC=0.6870  EER=0.3741
    test_cross_user           (OPEN-SET) identities=1   Rank1=100.0%   (n_query=6055)  VerifAUC=n/a  EER=n/a (TRIVIAL -- single identity in this split)

Epoch 060/150 | loss=0.2451 | best=0.2449 | lr=9.82e-05
Epoch 070/150 | loss=0.2427 | best=0.2422 | lr=8.28e-05
Epoch 080/150 | loss=0.2416 | best=0.2412 | lr=6.72e-05
Epoch 090/150 | loss=0.2400 | best=0.2395 | lr=5.18e-05
Epoch 100/150 | loss=0.2390 | best=0.2389 | lr=3.75e-05

--- Eval at epoch 100 ---
  Layer 1:
    test_id                   (in-dist) KNN=99.8% LP=83.4% MLP=99.9% L2_dist=0.11 Cos_sim=1.000
    test_cross_env            (OOD)     KNN=22.3% LP=33.8% MLP=22.0% L2_dist=0.72 Cos_sim=0.988
    test_cross_device         (OPEN-SET) identities=7   Rank1=99.5%    (n_query=4817)  VerifAUC=0.7377  EER=0.3218
    test_cross_user           (OPEN-SET) identities=1   Rank1=100.0%   (n_query=6055)  VerifAUC=n/a  EER=n/a (TRIVIAL -- single identity in this split)
  Layer 3:
    test_id                   (in-dist) KNN=99.9% LP=92.0% MLP=100.0% L2_dist=0.13 Cos_sim=1.000
    test_cross_env            (OOD)     KNN=23.5% LP=22.3% MLP=33.6% L2_dist=0.84 Cos_sim=0.986
    test_cross_device         (OPEN-SET) identities=7   Rank1=99.6%    (n_query=4817)  VerifAUC=0.7137  EER=0.3425
    test_cross_user           (OPEN-SET) identities=1   Rank1=100.0%   (n_query=6055)  VerifAUC=n/a  EER=n/a (TRIVIAL -- single identity in this split)
  Layer 6:
    test_id                   (in-dist) KNN=99.8% LP=95.2% MLP=100.0% L2_dist=0.17 Cos_sim=0.999
    test_cross_env            (OOD)     KNN=17.6% LP=16.1% MLP=23.9% L2_dist=1.38 Cos_sim=0.953
    test_cross_device         (OPEN-SET) identities=7   Rank1=99.6%    (n_query=4817)  VerifAUC=0.7006  EER=0.3561
    test_cross_user           (OPEN-SET) identities=1   Rank1=100.0%   (n_query=6055)  VerifAUC=n/a  EER=n/a (TRIVIAL -- single identity in this split)
  Layer 9:
    test_id                   (in-dist) KNN=99.8% LP=94.0% MLP=100.0% L2_dist=0.20 Cos_sim=0.999
    test_cross_env            (OOD)     KNN=20.0% LP=19.7% MLP=19.7% L2_dist=1.65 Cos_sim=0.937
    test_cross_device         (OPEN-SET) identities=7   Rank1=99.4%    (n_query=4817)  VerifAUC=0.6905  EER=0.3680
    test_cross_user           (OPEN-SET) identities=1   Rank1=100.0%   (n_query=6055)  VerifAUC=n/a  EER=n/a (TRIVIAL -- single identity in this split)
  Layer 12:
    test_id                   (in-dist) KNN=99.7% LP=93.7% MLP=100.0% L2_dist=0.22 Cos_sim=0.999
    test_cross_env            (OOD)     KNN=20.4% LP=16.2% MLP=17.0% L2_dist=1.68 Cos_sim=0.955
    test_cross_device         (OPEN-SET) identities=7   Rank1=99.5%    (n_query=4817)  VerifAUC=0.6813  EER=0.3862
    test_cross_user           (OPEN-SET) identities=1   Rank1=100.0%   (n_query=6055)  VerifAUC=n/a  EER=n/a (TRIVIAL -- single identity in this split)

Epoch 110/150 | loss=0.2381 | best=0.2378 | lr=2.48e-05
Epoch 120/150 | loss=0.2373 | best=0.2373 | lr=1.43e-05
Epoch 130/150 | loss=0.2368 | best=0.2368 | lr=6.48e-06
Epoch 140/150 | loss=0.2361 | best=0.2361 | lr=1.64e-06
Epoch 150/150 | loss=0.2361 | best=0.2360 | lr=0.00e+00

--- Eval at epoch 150 ---
  Layer 1:
    test_id                   (in-dist) KNN=99.8% LP=83.6% MLP=100.0% L2_dist=0.11 Cos_sim=1.000
    test_cross_env            (OOD)     KNN=23.3% LP=33.6% MLP=20.4% L2_dist=0.71 Cos_sim=0.989
    test_cross_device         (OPEN-SET) identities=7   Rank1=99.5%    (n_query=4817)  VerifAUC=0.7360  EER=0.3220
    test_cross_user           (OPEN-SET) identities=1   Rank1=100.0%   (n_query=6055)  VerifAUC=n/a  EER=n/a (TRIVIAL -- single identity in this split)
  Layer 3:
    test_id                   (in-dist) KNN=99.9% LP=91.6% MLP=100.0% L2_dist=0.13 Cos_sim=1.000
    test_cross_env            (OOD)     KNN=23.8% LP=21.3% MLP=30.9% L2_dist=0.83 Cos_sim=0.986
    test_cross_device         (OPEN-SET) identities=7   Rank1=99.6%    (n_query=4817)  VerifAUC=0.7125  EER=0.3410
    test_cross_user           (OPEN-SET) identities=1   Rank1=100.0%   (n_query=6055)  VerifAUC=n/a  EER=n/a (TRIVIAL -- single identity in this split)
  Layer 6:
    test_id                   (in-dist) KNN=99.8% LP=95.2% MLP=100.0% L2_dist=0.17 Cos_sim=0.999
    test_cross_env            (OOD)     KNN=18.0% LP=16.3% MLP=22.6% L2_dist=1.39 Cos_sim=0.953
    test_cross_device         (OPEN-SET) identities=7   Rank1=99.6%    (n_query=4817)  VerifAUC=0.6986  EER=0.3572
    test_cross_user           (OPEN-SET) identities=1   Rank1=100.0%   (n_query=6055)  VerifAUC=n/a  EER=n/a (TRIVIAL -- single identity in this split)
  Layer 9:
    test_id                   (in-dist) KNN=99.7% LP=94.1% MLP=100.0% L2_dist=0.20 Cos_sim=0.999
    test_cross_env            (OOD)     KNN=19.1% LP=19.0% MLP=20.6% L2_dist=1.70 Cos_sim=0.933
    test_cross_device         (OPEN-SET) identities=7   Rank1=99.4%    (n_query=4817)  VerifAUC=0.6907  EER=0.3620
    test_cross_user           (OPEN-SET) identities=1   Rank1=100.0%   (n_query=6055)  VerifAUC=n/a  EER=n/a (TRIVIAL -- single identity in this split)
  Layer 12:
    test_id                   (in-dist) KNN=99.6% LP=93.7% MLP=100.0% L2_dist=0.21 Cos_sim=0.999
    test_cross_env            (OOD)     KNN=21.2% LP=17.2% MLP=18.6% L2_dist=1.68 Cos_sim=0.955
    test_cross_device         (OPEN-SET) identities=7   Rank1=99.5%    (n_query=4817)  VerifAUC=0.6844  EER=0.3752
    test_cross_user           (OPEN-SET) identities=1   Rank1=100.0%   (n_query=6055)  VerifAUC=n/a  EER=n/a (TRIVIAL -- single identity in this split)


Done. Best pretrain loss: 0.2360
Results: /home/zhuzih19/csi-project/csi-fall-detection/results/mae_hid/mae_hid_ep150_mask0.75_strategyfreq_ph29pw25_seed43_enc12_dim128_bs128.json
Checkpoint: /home/zhuzih19/csi-project/csi-fall-detection/checkpoints/mae_hid/mae_hid_ep150_mask0.75_strategyfreq_ph29pw25_seed43_enc12_dim128_bs128_best.pt
