nohup: ignoring input

Experiment: mae_hid_ep150_mask0.875_strategyrandom_ph29pw25_seed43_enc12_dim128_bs128  (task=HumanIdentification)
[patch-pad] patch_h=29, patch_w=25 evenly divide 232x500, no padding needed. num_patches=160
[mem-check] num_patches=160  batch_size=128  encoder_depth=12  attention-score memory: 0.05 GB/layer, 0.59 GB cumulative (all layers retained for backward)
label_map: {'U01': 0, 'U03': 1, 'U04': 2, 'U05': 3, 'U06': 4, 'U22': 5}  num_classes: 6
  test_id: 4602 samples
  test_cross_device: 9631 samples -- OPEN-SET eval (contains identities not in train_id's label_map: ['U02']). Uses Rank-1 retrieval + verification AUC/EER instead of KNN/LP/MLP.
  test_cross_env: 6650 samples
  test_cross_user: 12109 samples -- OPEN-SET eval (contains identities not in train_id's label_map: ['U02']). Uses Rank-1 retrieval + verification AUC/EER instead of KNN/LP/MLP.
MAE params: 2,658,709
Epoch 010/150 | loss=0.2335 | best=0.2335 | lr=1.48e-04
Epoch 020/150 | loss=0.1633 | best=0.1633 | lr=1.44e-04
Epoch 030/150 | loss=0.1418 | best=0.1418 | lr=1.36e-04
Epoch 040/150 | loss=0.1319 | best=0.1319 | lr=1.25e-04
Epoch 050/150 | loss=0.1284 | best=0.1284 | lr=1.12e-04

--- Eval at epoch 50 ---
  Layer 1:
    test_id                   (in-dist) KNN=100.0% LP=89.9% MLP=100.0% L2_dist=0.20 Cos_sim=0.999
    test_cross_env            (OOD)     KNN=23.1% LP=41.1% MLP=22.9% L2_dist=0.98 Cos_sim=0.977
    test_cross_device         (OPEN-SET) identities=7   Rank1=99.7%    (n_query=4817)  VerifAUC=0.7651  EER=0.3366
    test_cross_user           (OPEN-SET) identities=1   Rank1=100.0%   (n_query=6055)  VerifAUC=n/a  EER=n/a (TRIVIAL -- single identity in this split)
  Layer 3:
    test_id                   (in-dist) KNN=100.0% LP=97.0% MLP=100.0% L2_dist=0.24 Cos_sim=0.997
    test_cross_env            (OOD)     KNN=19.2% LP=25.6% MLP=19.9% L2_dist=1.23 Cos_sim=0.950
    test_cross_device         (OPEN-SET) identities=7   Rank1=99.9%    (n_query=4817)  VerifAUC=0.7685  EER=0.3309
    test_cross_user           (OPEN-SET) identities=1   Rank1=100.0%   (n_query=6055)  VerifAUC=n/a  EER=n/a (TRIVIAL -- single identity in this split)
  Layer 6:
    test_id                   (in-dist) KNN=100.0% LP=99.1% MLP=100.0% L2_dist=0.27 Cos_sim=0.996
    test_cross_env            (OOD)     KNN=28.5% LP=27.9% MLP=21.3% L2_dist=1.67 Cos_sim=0.896
    test_cross_device         (OPEN-SET) identities=7   Rank1=99.8%    (n_query=4817)  VerifAUC=0.7525  EER=0.3616
    test_cross_user           (OPEN-SET) identities=1   Rank1=100.0%   (n_query=6055)  VerifAUC=n/a  EER=n/a (TRIVIAL -- single identity in this split)
  Layer 9:
    test_id                   (in-dist) KNN=100.0% LP=99.1% MLP=100.0% L2_dist=0.28 Cos_sim=0.997
    test_cross_env            (OOD)     KNN=28.3% LP=27.6% MLP=24.6% L2_dist=2.10 Cos_sim=0.901
    test_cross_device         (OPEN-SET) identities=7   Rank1=99.8%    (n_query=4817)  VerifAUC=0.7471  EER=0.3653
    test_cross_user           (OPEN-SET) identities=1   Rank1=100.0%   (n_query=6055)  VerifAUC=n/a  EER=n/a (TRIVIAL -- single identity in this split)
  Layer 12:
    test_id                   (in-dist) KNN=100.0% LP=98.3% MLP=100.0% L2_dist=0.28 Cos_sim=0.999
    test_cross_env            (OOD)     KNN=31.9% LP=33.1% MLP=27.4% L2_dist=2.28 Cos_sim=0.946
    test_cross_device         (OPEN-SET) identities=7   Rank1=99.8%    (n_query=4817)  VerifAUC=0.7667  EER=0.3012
    test_cross_user           (OPEN-SET) identities=1   Rank1=100.0%   (n_query=6055)  VerifAUC=n/a  EER=n/a (TRIVIAL -- single identity in this split)

Epoch 060/150 | loss=0.1266 | best=0.1265 | lr=9.82e-05
Epoch 070/150 | loss=0.1249 | best=0.1247 | lr=8.28e-05
Epoch 080/150 | loss=0.1236 | best=0.1236 | lr=6.72e-05
Epoch 090/150 | loss=0.1227 | best=0.1227 | lr=5.18e-05
Epoch 100/150 | loss=0.1221 | best=0.1221 | lr=3.75e-05

--- Eval at epoch 100 ---
  Layer 1:
    test_id                   (in-dist) KNN=100.0% LP=92.8% MLP=100.0% L2_dist=0.20 Cos_sim=0.998
    test_cross_env            (OOD)     KNN=25.3% LP=44.5% MLP=28.7% L2_dist=1.12 Cos_sim=0.963
    test_cross_device         (OPEN-SET) identities=7   Rank1=99.8%    (n_query=4817)  VerifAUC=0.7622  EER=0.3350
    test_cross_user           (OPEN-SET) identities=1   Rank1=100.0%   (n_query=6055)  VerifAUC=n/a  EER=n/a (TRIVIAL -- single identity in this split)
  Layer 3:
    test_id                   (in-dist) KNN=100.0% LP=97.8% MLP=100.0% L2_dist=0.24 Cos_sim=0.997
    test_cross_env            (OOD)     KNN=16.9% LP=29.7% MLP=22.9% L2_dist=1.39 Cos_sim=0.910
    test_cross_device         (OPEN-SET) identities=7   Rank1=99.8%    (n_query=4817)  VerifAUC=0.7746  EER=0.3219
    test_cross_user           (OPEN-SET) identities=1   Rank1=100.0%   (n_query=6055)  VerifAUC=n/a  EER=n/a (TRIVIAL -- single identity in this split)
  Layer 6:
    test_id                   (in-dist) KNN=100.0% LP=99.6% MLP=100.0% L2_dist=0.27 Cos_sim=0.995
    test_cross_env            (OOD)     KNN=30.3% LP=29.0% MLP=25.5% L2_dist=1.78 Cos_sim=0.829
    test_cross_device         (OPEN-SET) identities=7   Rank1=99.7%    (n_query=4817)  VerifAUC=0.7516  EER=0.3482
    test_cross_user           (OPEN-SET) identities=1   Rank1=100.0%   (n_query=6055)  VerifAUC=n/a  EER=n/a (TRIVIAL -- single identity in this split)
  Layer 9:
    test_id                   (in-dist) KNN=100.0% LP=99.4% MLP=100.0% L2_dist=0.28 Cos_sim=0.997
    test_cross_env            (OOD)     KNN=22.3% LP=23.7% MLP=23.3% L2_dist=2.29 Cos_sim=0.853
    test_cross_device         (OPEN-SET) identities=7   Rank1=99.7%    (n_query=4817)  VerifAUC=0.7551  EER=0.3431
    test_cross_user           (OPEN-SET) identities=1   Rank1=100.0%   (n_query=6055)  VerifAUC=n/a  EER=n/a (TRIVIAL -- single identity in this split)
  Layer 12:
    test_id                   (in-dist) KNN=100.0% LP=99.4% MLP=100.0% L2_dist=0.27 Cos_sim=0.999
    test_cross_env            (OOD)     KNN=21.6% LP=27.0% MLP=24.8% L2_dist=2.45 Cos_sim=0.930
    test_cross_device         (OPEN-SET) identities=7   Rank1=99.8%    (n_query=4817)  VerifAUC=0.7482  EER=0.3402
    test_cross_user           (OPEN-SET) identities=1   Rank1=100.0%   (n_query=6055)  VerifAUC=n/a  EER=n/a (TRIVIAL -- single identity in this split)

Epoch 110/150 | loss=0.1215 | best=0.1215 | lr=2.48e-05
Epoch 120/150 | loss=0.1212 | best=0.1212 | lr=1.43e-05
Epoch 130/150 | loss=0.1208 | best=0.1208 | lr=6.48e-06
Epoch 140/150 | loss=0.1208 | best=0.1207 | lr=1.64e-06
Epoch 150/150 | loss=0.1208 | best=0.1207 | lr=0.00e+00

--- Eval at epoch 150 ---
  Layer 1:
    test_id                   (in-dist) KNN=100.0% LP=93.0% MLP=100.0% L2_dist=0.20 Cos_sim=0.998
    test_cross_env            (OOD)     KNN=25.8% LP=43.8% MLP=34.0% L2_dist=1.13 Cos_sim=0.961
    test_cross_device         (OPEN-SET) identities=7   Rank1=99.8%    (n_query=4817)  VerifAUC=0.7616  EER=0.3361
    test_cross_user           (OPEN-SET) identities=1   Rank1=100.0%   (n_query=6055)  VerifAUC=n/a  EER=n/a (TRIVIAL -- single identity in this split)
  Layer 3:
    test_id                   (in-dist) KNN=100.0% LP=98.2% MLP=100.0% L2_dist=0.24 Cos_sim=0.997
    test_cross_env            (OOD)     KNN=16.9% LP=27.6% MLP=25.8% L2_dist=1.43 Cos_sim=0.900
    test_cross_device         (OPEN-SET) identities=7   Rank1=99.8%    (n_query=4817)  VerifAUC=0.7728  EER=0.3214
    test_cross_user           (OPEN-SET) identities=1   Rank1=100.0%   (n_query=6055)  VerifAUC=n/a  EER=n/a (TRIVIAL -- single identity in this split)
  Layer 6:
    test_id                   (in-dist) KNN=100.0% LP=99.7% MLP=100.0% L2_dist=0.27 Cos_sim=0.995
    test_cross_env            (OOD)     KNN=29.2% LP=32.2% MLP=25.3% L2_dist=1.79 Cos_sim=0.811
    test_cross_device         (OPEN-SET) identities=7   Rank1=99.8%    (n_query=4817)  VerifAUC=0.7524  EER=0.3467
    test_cross_user           (OPEN-SET) identities=1   Rank1=100.0%   (n_query=6055)  VerifAUC=n/a  EER=n/a (TRIVIAL -- single identity in this split)
  Layer 9:
    test_id                   (in-dist) KNN=100.0% LP=99.5% MLP=100.0% L2_dist=0.28 Cos_sim=0.997
    test_cross_env            (OOD)     KNN=24.1% LP=26.5% MLP=22.9% L2_dist=2.27 Cos_sim=0.849
    test_cross_device         (OPEN-SET) identities=7   Rank1=99.8%    (n_query=4817)  VerifAUC=0.7550  EER=0.3455
    test_cross_user           (OPEN-SET) identities=1   Rank1=100.0%   (n_query=6055)  VerifAUC=n/a  EER=n/a (TRIVIAL -- single identity in this split)
  Layer 12:
    test_id                   (in-dist) KNN=100.0% LP=99.4% MLP=100.0% L2_dist=0.27 Cos_sim=0.999
    test_cross_env            (OOD)     KNN=20.3% LP=30.3% MLP=23.3% L2_dist=2.40 Cos_sim=0.933
    test_cross_device         (OPEN-SET) identities=7   Rank1=99.7%    (n_query=4817)  VerifAUC=0.7443  EER=0.3328
    test_cross_user           (OPEN-SET) identities=1   Rank1=100.0%   (n_query=6055)  VerifAUC=n/a  EER=n/a (TRIVIAL -- single identity in this split)


Done. Best pretrain loss: 0.1207
Results: /home/zhuzih19/csi-project/csi-fall-detection/results/mae_hid/mae_hid_ep150_mask0.875_strategyrandom_ph29pw25_seed43_enc12_dim128_bs128.json
Checkpoint: /home/zhuzih19/csi-project/csi-fall-detection/checkpoints/mae_hid/mae_hid_ep150_mask0.875_strategyrandom_ph29pw25_seed43_enc12_dim128_bs128_best.pt
