nohup: ignoring input

Experiment: mae_hid_ep150_mask0.75_strategyrandom_ph29pw25_seed43_enc12_dim128_bs128  (task=HumanIdentification)
[patch-pad] patch_h=29, patch_w=25 evenly divide 232x500, no padding needed. num_patches=160
[mem-check] num_patches=160  batch_size=128  encoder_depth=12  attention-score memory: 0.05 GB/layer, 0.59 GB cumulative (all layers retained for backward)
label_map: {'U01': 0, 'U03': 1, 'U04': 2, 'U05': 3, 'U06': 4, 'U22': 5}  num_classes: 6
  test_id: 4602 samples
  test_cross_device: 9631 samples -- OPEN-SET eval (contains identities not in train_id's label_map: ['U02']). Uses Rank-1 retrieval + verification AUC/EER instead of KNN/LP/MLP.
  test_cross_env: 6650 samples
  test_cross_user: 12109 samples -- OPEN-SET eval (contains identities not in train_id's label_map: ['U02']). Uses Rank-1 retrieval + verification AUC/EER instead of KNN/LP/MLP.
MAE params: 2,658,709
Epoch 010/150 | loss=0.1985 | best=0.1985 | lr=1.48e-04
Epoch 020/150 | loss=0.1460 | best=0.1460 | lr=1.44e-04
Epoch 030/150 | loss=0.1297 | best=0.1297 | lr=1.36e-04
Epoch 040/150 | loss=0.1259 | best=0.1259 | lr=1.25e-04
Epoch 050/150 | loss=0.1237 | best=0.1237 | lr=1.12e-04

--- Eval at epoch 50 ---
  Layer 1:
    test_id                   (in-dist) KNN=100.0% LP=93.7% MLP=100.0% L2_dist=0.19 Cos_sim=0.999
    test_cross_env            (OOD)     KNN=19.0% LP=28.3% MLP=21.9% L2_dist=1.22 Cos_sim=0.963
    test_cross_device         (OPEN-SET) identities=7   Rank1=99.9%    (n_query=4817)  VerifAUC=0.7300  EER=0.3743
    test_cross_user           (OPEN-SET) identities=1   Rank1=100.0%   (n_query=6055)  VerifAUC=n/a  EER=n/a (TRIVIAL -- single identity in this split)
  Layer 3:
    test_id                   (in-dist) KNN=100.0% LP=97.1% MLP=100.0% L2_dist=0.24 Cos_sim=0.997
    test_cross_env            (OOD)     KNN=20.4% LP=33.8% MLP=14.5% L2_dist=1.53 Cos_sim=0.918
    test_cross_device         (OPEN-SET) identities=7   Rank1=99.8%    (n_query=4817)  VerifAUC=0.7349  EER=0.3675
    test_cross_user           (OPEN-SET) identities=1   Rank1=100.0%   (n_query=6055)  VerifAUC=n/a  EER=n/a (TRIVIAL -- single identity in this split)
  Layer 6:
    test_id                   (in-dist) KNN=100.0% LP=98.0% MLP=100.0% L2_dist=0.26 Cos_sim=0.996
    test_cross_env            (OOD)     KNN=17.4% LP=28.8% MLP=19.7% L2_dist=1.77 Cos_sim=0.898
    test_cross_device         (OPEN-SET) identities=7   Rank1=99.8%    (n_query=4817)  VerifAUC=0.7281  EER=0.3743
    test_cross_user           (OPEN-SET) identities=1   Rank1=100.0%   (n_query=6055)  VerifAUC=n/a  EER=n/a (TRIVIAL -- single identity in this split)
  Layer 9:
    test_id                   (in-dist) KNN=100.0% LP=97.9% MLP=100.0% L2_dist=0.29 Cos_sim=0.997
    test_cross_env            (OOD)     KNN=16.9% LP=25.0% MLP=16.1% L2_dist=2.20 Cos_sim=0.892
    test_cross_device         (OPEN-SET) identities=7   Rank1=99.8%    (n_query=4817)  VerifAUC=0.7361  EER=0.3671
    test_cross_user           (OPEN-SET) identities=1   Rank1=100.0%   (n_query=6055)  VerifAUC=n/a  EER=n/a (TRIVIAL -- single identity in this split)
  Layer 12:
    test_id                   (in-dist) KNN=100.0% LP=98.2% MLP=100.0% L2_dist=0.27 Cos_sim=0.999
    test_cross_env            (OOD)     KNN=14.6% LP=30.9% MLP=19.1% L2_dist=2.00 Cos_sim=0.953
    test_cross_device         (OPEN-SET) identities=7   Rank1=99.9%    (n_query=4817)  VerifAUC=0.7508  EER=0.3368
    test_cross_user           (OPEN-SET) identities=1   Rank1=100.0%   (n_query=6055)  VerifAUC=n/a  EER=n/a (TRIVIAL -- single identity in this split)

Epoch 060/150 | loss=0.1221 | best=0.1221 | lr=9.82e-05
Epoch 070/150 | loss=0.1208 | best=0.1208 | lr=8.28e-05
Epoch 080/150 | loss=0.1200 | best=0.1200 | lr=6.72e-05
Epoch 090/150 | loss=0.1194 | best=0.1193 | lr=5.18e-05
Epoch 100/150 | loss=0.1188 | best=0.1188 | lr=3.75e-05

--- Eval at epoch 100 ---
  Layer 1:
    test_id                   (in-dist) KNN=100.0% LP=94.8% MLP=100.0% L2_dist=0.19 Cos_sim=0.999
    test_cross_env            (OOD)     KNN=20.3% LP=34.1% MLP=20.3% L2_dist=1.32 Cos_sim=0.949
    test_cross_device         (OPEN-SET) identities=7   Rank1=99.9%    (n_query=4817)  VerifAUC=0.7358  EER=0.3668
    test_cross_user           (OPEN-SET) identities=1   Rank1=100.0%   (n_query=6055)  VerifAUC=n/a  EER=n/a (TRIVIAL -- single identity in this split)
  Layer 3:
    test_id                   (in-dist) KNN=100.0% LP=98.0% MLP=100.0% L2_dist=0.24 Cos_sim=0.996
    test_cross_env            (OOD)     KNN=20.2% LP=34.8% MLP=16.4% L2_dist=1.63 Cos_sim=0.880
    test_cross_device         (OPEN-SET) identities=7   Rank1=99.8%    (n_query=4817)  VerifAUC=0.7363  EER=0.3600
    test_cross_user           (OPEN-SET) identities=1   Rank1=100.0%   (n_query=6055)  VerifAUC=n/a  EER=n/a (TRIVIAL -- single identity in this split)
  Layer 6:
    test_id                   (in-dist) KNN=100.0% LP=98.9% MLP=100.0% L2_dist=0.26 Cos_sim=0.995
    test_cross_env            (OOD)     KNN=18.5% LP=32.5% MLP=20.0% L2_dist=1.78 Cos_sim=0.865
    test_cross_device         (OPEN-SET) identities=7   Rank1=99.8%    (n_query=4817)  VerifAUC=0.7378  EER=0.3583
    test_cross_user           (OPEN-SET) identities=1   Rank1=100.0%   (n_query=6055)  VerifAUC=n/a  EER=n/a (TRIVIAL -- single identity in this split)
  Layer 9:
    test_id                   (in-dist) KNN=100.0% LP=98.8% MLP=100.0% L2_dist=0.29 Cos_sim=0.997
    test_cross_env            (OOD)     KNN=21.4% LP=28.8% MLP=23.9% L2_dist=2.12 Cos_sim=0.875
    test_cross_device         (OPEN-SET) identities=7   Rank1=99.8%    (n_query=4817)  VerifAUC=0.7513  EER=0.3480
    test_cross_user           (OPEN-SET) identities=1   Rank1=100.0%   (n_query=6055)  VerifAUC=n/a  EER=n/a (TRIVIAL -- single identity in this split)
  Layer 12:
    test_id                   (in-dist) KNN=100.0% LP=98.7% MLP=100.0% L2_dist=0.26 Cos_sim=0.999
    test_cross_env            (OOD)     KNN=22.0% LP=29.7% MLP=31.9% L2_dist=2.01 Cos_sim=0.945
    test_cross_device         (OPEN-SET) identities=7   Rank1=99.9%    (n_query=4817)  VerifAUC=0.7575  EER=0.3396
    test_cross_user           (OPEN-SET) identities=1   Rank1=100.0%   (n_query=6055)  VerifAUC=n/a  EER=n/a (TRIVIAL -- single identity in this split)

Epoch 110/150 | loss=0.1185 | best=0.1183 | lr=2.48e-05
Epoch 120/150 | loss=0.1181 | best=0.1181 | lr=1.43e-05
Epoch 130/150 | loss=0.1179 | best=0.1179 | lr=6.48e-06
Epoch 140/150 | loss=0.1178 | best=0.1178 | lr=1.64e-06
Epoch 150/150 | loss=0.1178 | best=0.1178 | lr=0.00e+00

--- Eval at epoch 150 ---
  Layer 1:
    test_id                   (in-dist) KNN=100.0% LP=94.7% MLP=100.0% L2_dist=0.19 Cos_sim=0.998
    test_cross_env            (OOD)     KNN=21.2% LP=35.2% MLP=22.0% L2_dist=1.33 Cos_sim=0.945
    test_cross_device         (OPEN-SET) identities=7   Rank1=99.9%    (n_query=4817)  VerifAUC=0.7357  EER=0.3675
    test_cross_user           (OPEN-SET) identities=1   Rank1=100.0%   (n_query=6055)  VerifAUC=n/a  EER=n/a (TRIVIAL -- single identity in this split)
  Layer 3:
    test_id                   (in-dist) KNN=100.0% LP=98.2% MLP=100.0% L2_dist=0.24 Cos_sim=0.996
    test_cross_env            (OOD)     KNN=20.0% LP=37.2% MLP=15.8% L2_dist=1.66 Cos_sim=0.866
    test_cross_device         (OPEN-SET) identities=7   Rank1=99.8%    (n_query=4817)  VerifAUC=0.7354  EER=0.3607
    test_cross_user           (OPEN-SET) identities=1   Rank1=100.0%   (n_query=6055)  VerifAUC=n/a  EER=n/a (TRIVIAL -- single identity in this split)
  Layer 6:
    test_id                   (in-dist) KNN=100.0% LP=98.9% MLP=100.0% L2_dist=0.26 Cos_sim=0.995
    test_cross_env            (OOD)     KNN=19.1% LP=33.5% MLP=19.4% L2_dist=1.79 Cos_sim=0.849
    test_cross_device         (OPEN-SET) identities=7   Rank1=99.8%    (n_query=4817)  VerifAUC=0.7365  EER=0.3546
    test_cross_user           (OPEN-SET) identities=1   Rank1=100.0%   (n_query=6055)  VerifAUC=n/a  EER=n/a (TRIVIAL -- single identity in this split)
  Layer 9:
    test_id                   (in-dist) KNN=100.0% LP=98.9% MLP=100.0% L2_dist=0.29 Cos_sim=0.996
    test_cross_env            (OOD)     KNN=21.5% LP=28.5% MLP=19.1% L2_dist=2.11 Cos_sim=0.867
    test_cross_device         (OPEN-SET) identities=7   Rank1=99.8%    (n_query=4817)  VerifAUC=0.7516  EER=0.3418
    test_cross_user           (OPEN-SET) identities=1   Rank1=100.0%   (n_query=6055)  VerifAUC=n/a  EER=n/a (TRIVIAL -- single identity in this split)
  Layer 12:
    test_id                   (in-dist) KNN=100.0% LP=98.7% MLP=100.0% L2_dist=0.26 Cos_sim=0.999
    test_cross_env            (OOD)     KNN=24.2% LP=29.3% MLP=25.8% L2_dist=1.97 Cos_sim=0.947
    test_cross_device         (OPEN-SET) identities=7   Rank1=99.8%    (n_query=4817)  VerifAUC=0.7575  EER=0.3342
    test_cross_user           (OPEN-SET) identities=1   Rank1=100.0%   (n_query=6055)  VerifAUC=n/a  EER=n/a (TRIVIAL -- single identity in this split)


Done. Best pretrain loss: 0.1178
Results: /home/zhuzih19/csi-project/csi-fall-detection/results/mae_hid/mae_hid_ep150_mask0.75_strategyrandom_ph29pw25_seed43_enc12_dim128_bs128.json
Checkpoint: /home/zhuzih19/csi-project/csi-fall-detection/checkpoints/mae_hid/mae_hid_ep150_mask0.75_strategyrandom_ph29pw25_seed43_enc12_dim128_bs128_best.pt
