nohup: ignoring input

Experiment: mae_hid_ep150_mask0.5_strategyrandom_ph29pw25_seed43_enc12_dim128_bs128  (task=HumanIdentification)
[patch-pad] patch_h=29, patch_w=25 evenly divide 232x500, no padding needed. num_patches=160
[mem-check] num_patches=160  batch_size=128  encoder_depth=12  attention-score memory: 0.05 GB/layer, 0.59 GB cumulative (all layers retained for backward)
label_map: {'U01': 0, 'U03': 1, 'U04': 2, 'U05': 3, 'U06': 4, 'U22': 5}  num_classes: 6
  test_id: 4602 samples
  test_cross_device: 9631 samples -- OPEN-SET eval (contains identities not in train_id's label_map: ['U02']). Uses Rank-1 retrieval + verification AUC/EER instead of KNN/LP/MLP.
  test_cross_env: 6650 samples
  test_cross_user: 12109 samples -- OPEN-SET eval (contains identities not in train_id's label_map: ['U02']). Uses Rank-1 retrieval + verification AUC/EER instead of KNN/LP/MLP.
MAE params: 2,658,709
Epoch 010/300 | loss=0.1961 | best=0.1961 | lr=1.50e-04
Epoch 020/150 | loss=0.1423 | best=0.1423 | lr=1.44e-04
Epoch 030/300 | loss=0.1286 | best=0.1286 | lr=1.46e-04
Epoch 040/150 | loss=0.1235 | best=0.1235 | lr=1.25e-04
Epoch 050/150 | loss=0.1208 | best=0.1208 | lr=1.12e-04

--- Eval at epoch 50 ---
  Layer 1:
    test_id                   (in-dist) KNN=100.0% LP=91.2% MLP=100.0% L2_dist=0.16 Cos_sim=0.999
    test_cross_env            (OOD)     KNN=15.5% LP=18.0% MLP=29.2% L2_dist=1.10 Cos_sim=0.971
    test_cross_device         (OPEN-SET) identities=7   Rank1=99.7%    (n_query=4817)  VerifAUC=0.6906  EER=0.4009
    test_cross_user           (OPEN-SET) identities=1   Rank1=100.0%   (n_query=6055)  VerifAUC=n/a  EER=n/a (TRIVIAL -- single identity in this split)
  Layer 3:
    test_id                   (in-dist) KNN=100.0% LP=96.1% MLP=100.0% L2_dist=0.20 Cos_sim=0.998
    test_cross_env            (OOD)     KNN=26.4% LP=21.4% MLP=22.6% L2_dist=1.40 Cos_sim=0.940
    test_cross_device         (OPEN-SET) identities=7   Rank1=99.6%    (n_query=4817)  VerifAUC=0.7068  EER=0.3908
    test_cross_user           (OPEN-SET) identities=1   Rank1=100.0%   (n_query=6055)  VerifAUC=n/a  EER=n/a (TRIVIAL -- single identity in this split)
  Layer 6:
    test_id                   (in-dist) KNN=100.0% LP=98.6% MLP=100.0% L2_dist=0.22 Cos_sim=0.997
    test_cross_env            (OOD)     KNN=10.7% LP=13.1% MLP=18.6% L2_dist=1.68 Cos_sim=0.887
    test_cross_device         (OPEN-SET) identities=7   Rank1=99.8%    (n_query=4817)  VerifAUC=0.7188  EER=0.3811
    test_cross_user           (OPEN-SET) identities=1   Rank1=100.0%   (n_query=6055)  VerifAUC=n/a  EER=n/a (TRIVIAL -- single identity in this split)
  Layer 9:
    test_id                   (in-dist) KNN=100.0% LP=98.7% MLP=100.0% L2_dist=0.23 Cos_sim=0.998
    test_cross_env            (OOD)     KNN=9.0% LP=15.7% MLP=18.9% L2_dist=1.78 Cos_sim=0.906
    test_cross_device         (OPEN-SET) identities=7   Rank1=99.8%    (n_query=4817)  VerifAUC=0.7329  EER=0.3668
    test_cross_user           (OPEN-SET) identities=1   Rank1=100.0%   (n_query=6055)  VerifAUC=n/a  EER=n/a (TRIVIAL -- single identity in this split)
  Layer 12:
    test_id                   (in-dist) KNN=100.0% LP=98.0% MLP=100.0% L2_dist=0.20 Cos_sim=0.999
    test_cross_env            (OOD)     KNN=11.2% LP=20.2% MLP=13.2% L2_dist=1.78 Cos_sim=0.953
    test_cross_device         (OPEN-SET) identities=7   Rank1=99.8%    (n_query=4817)  VerifAUC=0.7062  EER=0.3664
    test_cross_user           (OPEN-SET) identities=1   Rank1=100.0%   (n_query=6055)  VerifAUC=n/a  EER=n/a (TRIVIAL -- single identity in this split)

Epoch 060/150 | loss=0.1195 | best=0.1195 | lr=9.82e-05
Epoch 070/150 | loss=0.1185 | best=0.1185 | lr=8.28e-05
Epoch 080/150 | loss=0.1180 | best=0.1178 | lr=6.72e-05
Epoch 090/150 | loss=0.1174 | best=0.1174 | lr=5.18e-05
Epoch 100/150 | loss=0.1171 | best=0.1171 | lr=3.75e-05

--- Eval at epoch 100 ---
  Layer 1:
    test_id                   (in-dist) KNN=100.0% LP=92.3% MLP=100.0% L2_dist=0.16 Cos_sim=0.999
    test_cross_env            (OOD)     KNN=15.3% LP=20.6% MLP=25.5% L2_dist=1.20 Cos_sim=0.962
    test_cross_device         (OPEN-SET) identities=7   Rank1=99.8%    (n_query=4817)  VerifAUC=0.6938  EER=0.3997
    test_cross_user           (OPEN-SET) identities=1   Rank1=100.0%   (n_query=6055)  VerifAUC=n/a  EER=n/a (TRIVIAL -- single identity in this split)
  Layer 3:
    test_id                   (in-dist) KNN=100.0% LP=97.1% MLP=100.0% L2_dist=0.20 Cos_sim=0.998
    test_cross_env            (OOD)     KNN=25.7% LP=22.8% MLP=26.4% L2_dist=1.49 Cos_sim=0.915
    test_cross_device         (OPEN-SET) identities=7   Rank1=99.7%    (n_query=4817)  VerifAUC=0.7091  EER=0.3868
    test_cross_user           (OPEN-SET) identities=1   Rank1=100.0%   (n_query=6055)  VerifAUC=n/a  EER=n/a (TRIVIAL -- single identity in this split)
  Layer 6:
    test_id                   (in-dist) KNN=100.0% LP=99.1% MLP=100.0% L2_dist=0.22 Cos_sim=0.996
    test_cross_env            (OOD)     KNN=13.4% LP=10.2% MLP=21.9% L2_dist=1.78 Cos_sim=0.836
    test_cross_device         (OPEN-SET) identities=7   Rank1=99.8%    (n_query=4817)  VerifAUC=0.7167  EER=0.3758
    test_cross_user           (OPEN-SET) identities=1   Rank1=100.0%   (n_query=6055)  VerifAUC=n/a  EER=n/a (TRIVIAL -- single identity in this split)
  Layer 9:
    test_id                   (in-dist) KNN=100.0% LP=99.3% MLP=100.0% L2_dist=0.22 Cos_sim=0.997
    test_cross_env            (OOD)     KNN=13.9% LP=10.9% MLP=23.7% L2_dist=1.77 Cos_sim=0.887
    test_cross_device         (OPEN-SET) identities=7   Rank1=99.7%    (n_query=4817)  VerifAUC=0.7267  EER=0.3653
    test_cross_user           (OPEN-SET) identities=1   Rank1=100.0%   (n_query=6055)  VerifAUC=n/a  EER=n/a (TRIVIAL -- single identity in this split)
  Layer 12:
    test_id                   (in-dist) KNN=100.0% LP=98.9% MLP=100.0% L2_dist=0.20 Cos_sim=0.999
    test_cross_env            (OOD)     KNN=14.1% LP=16.7% MLP=18.6% L2_dist=1.73 Cos_sim=0.948
    test_cross_device         (OPEN-SET) identities=7   Rank1=99.8%    (n_query=4817)  VerifAUC=0.7036  EER=0.3652
    test_cross_user           (OPEN-SET) identities=1   Rank1=100.0%   (n_query=6055)  VerifAUC=n/a  EER=n/a (TRIVIAL -- single identity in this split)

Epoch 110/150 | loss=0.1168 | best=0.1168 | lr=2.48e-05
Epoch 120/150 | loss=0.1167 | best=0.1167 | lr=1.43e-05
Epoch 130/150 | loss=0.1164 | best=0.1164 | lr=6.48e-06
Epoch 140/300 | loss=0.1163 | best=0.1163 | lr=8.28e-05
Epoch 150/300 | loss=0.1160 | best=0.1160 | lr=7.50e-05

--- Eval at epoch 150 ---
  Layer 1:
    test_id                   (in-dist) KNN=100.0% LP=94.1% MLP=100.0% L2_dist=0.19 Cos_sim=0.998
    test_cross_env            (OOD)     KNN=21.9% LP=19.1% MLP=31.5% L2_dist=1.29 Cos_sim=0.942
    test_cross_device         (OPEN-SET) identities=7   Rank1=99.8%    (n_query=4817)  VerifAUC=0.7274  EER=0.3829
    test_cross_user           (OPEN-SET) identities=1   Rank1=100.0%   (n_query=6055)  VerifAUC=n/a  EER=n/a (TRIVIAL -- single identity in this split)
  Layer 3:
    test_id                   (in-dist) KNN=100.0% LP=98.2% MLP=100.0% L2_dist=0.21 Cos_sim=0.997
    test_cross_env            (OOD)     KNN=24.8% LP=33.1% MLP=19.7% L2_dist=1.48 Cos_sim=0.905
    test_cross_device         (OPEN-SET) identities=7   Rank1=99.8%    (n_query=4817)  VerifAUC=0.7417  EER=0.3528
    test_cross_user           (OPEN-SET) identities=1   Rank1=100.0%   (n_query=6055)  VerifAUC=n/a  EER=n/a (TRIVIAL -- single identity in this split)
  Layer 6:
    test_id                   (in-dist) KNN=100.0% LP=99.4% MLP=100.0% L2_dist=0.22 Cos_sim=0.996
    test_cross_env            (OOD)     KNN=19.3% LP=20.6% MLP=20.0% L2_dist=1.81 Cos_sim=0.802
    test_cross_device         (OPEN-SET) identities=7   Rank1=99.8%    (n_query=4817)  VerifAUC=0.6996  EER=0.3807
    test_cross_user           (OPEN-SET) identities=1   Rank1=100.0%   (n_query=6055)  VerifAUC=n/a  EER=n/a (TRIVIAL -- single identity in this split)
  Layer 9:
    test_id                   (in-dist) KNN=100.0% LP=99.7% MLP=100.0% L2_dist=0.23 Cos_sim=0.997
    test_cross_env            (OOD)     KNN=18.4% LP=18.3% MLP=31.2% L2_dist=1.74 Cos_sim=0.859
    test_cross_device         (OPEN-SET) identities=7   Rank1=99.8%    (n_query=4817)  VerifAUC=0.7142  EER=0.3765
    test_cross_user           (OPEN-SET) identities=1   Rank1=100.0%   (n_query=6055)  VerifAUC=n/a  EER=n/a (TRIVIAL -- single identity in this split)
  Layer 12:
    test_id                   (in-dist) KNN=100.0% LP=99.6% MLP=100.0% L2_dist=0.23 Cos_sim=0.998
    test_cross_env            (OOD)     KNN=17.4% LP=8.0% MLP=12.3% L2_dist=1.84 Cos_sim=0.920
    test_cross_device         (OPEN-SET) identities=7   Rank1=99.8%    (n_query=4817)  VerifAUC=0.7182  EER=0.3754
    test_cross_user           (OPEN-SET) identities=1   Rank1=100.0%   (n_query=6055)  VerifAUC=n/a  EER=n/a (TRIVIAL -- single identity in this split)

Epoch 160/300 | loss=0.1160 | best=0.1159 | lr=6.72e-05
Epoch 170/300 | loss=0.1158 | best=0.1158 | lr=5.94e-05
Epoch 180/300 | loss=0.1158 | best=0.1158 | lr=5.18e-05
Epoch 190/300 | loss=0.1157 | best=0.1155 | lr=4.45e-05
Epoch 200/300 | loss=0.1155 | best=0.1155 | lr=3.75e-05

--- Eval at epoch 200 ---
  Layer 1:
    test_id                   (in-dist) KNN=100.0% LP=94.4% MLP=100.0% L2_dist=0.19 Cos_sim=0.998
    test_cross_env            (OOD)     KNN=21.3% LP=21.4% MLP=34.3% L2_dist=1.30 Cos_sim=0.938
    test_cross_device         (OPEN-SET) identities=7   Rank1=99.9%    (n_query=4817)  VerifAUC=0.7287  EER=0.3791
    test_cross_user           (OPEN-SET) identities=1   Rank1=100.0%   (n_query=6055)  VerifAUC=n/a  EER=n/a (TRIVIAL -- single identity in this split)
  Layer 3:
    test_id                   (in-dist) KNN=100.0% LP=98.4% MLP=100.0% L2_dist=0.21 Cos_sim=0.997
    test_cross_env            (OOD)     KNN=24.5% LP=34.1% MLP=17.6% L2_dist=1.46 Cos_sim=0.899
    test_cross_device         (OPEN-SET) identities=7   Rank1=99.8%    (n_query=4817)  VerifAUC=0.7426  EER=0.3521
    test_cross_user           (OPEN-SET) identities=1   Rank1=100.0%   (n_query=6055)  VerifAUC=n/a  EER=n/a (TRIVIAL -- single identity in this split)
  Layer 6:
    test_id                   (in-dist) KNN=100.0% LP=99.7% MLP=100.0% L2_dist=0.22 Cos_sim=0.996
    test_cross_env            (OOD)     KNN=19.2% LP=20.4% MLP=26.1% L2_dist=1.78 Cos_sim=0.792
    test_cross_device         (OPEN-SET) identities=7   Rank1=99.9%    (n_query=4817)  VerifAUC=0.6965  EER=0.3824
    test_cross_user           (OPEN-SET) identities=1   Rank1=100.0%   (n_query=6055)  VerifAUC=n/a  EER=n/a (TRIVIAL -- single identity in this split)
  Layer 9:
    test_id                   (in-dist) KNN=100.0% LP=99.7% MLP=100.0% L2_dist=0.23 Cos_sim=0.997
    test_cross_env            (OOD)     KNN=18.9% LP=18.2% MLP=29.7% L2_dist=1.74 Cos_sim=0.852
    test_cross_device         (OPEN-SET) identities=7   Rank1=99.8%    (n_query=4817)  VerifAUC=0.7075  EER=0.3776
    test_cross_user           (OPEN-SET) identities=1   Rank1=100.0%   (n_query=6055)  VerifAUC=n/a  EER=n/a (TRIVIAL -- single identity in this split)
  Layer 12:
    test_id                   (in-dist) KNN=100.0% LP=99.6% MLP=100.0% L2_dist=0.23 Cos_sim=0.998
    test_cross_env            (OOD)     KNN=19.8% LP=8.1% MLP=13.0% L2_dist=1.86 Cos_sim=0.913
    test_cross_device         (OPEN-SET) identities=7   Rank1=99.8%    (n_query=4817)  VerifAUC=0.7093  EER=0.3791
    test_cross_user           (OPEN-SET) identities=1   Rank1=100.0%   (n_query=6055)  VerifAUC=n/a  EER=n/a (TRIVIAL -- single identity in this split)

Epoch 210/300 | loss=0.1154 | best=0.1154 | lr=3.09e-05
Epoch 220/300 | loss=0.1153 | best=0.1153 | lr=2.48e-05
Epoch 230/300 | loss=0.1153 | best=0.1151 | lr=1.93e-05
Epoch 240/300 | loss=0.1151 | best=0.1151 | lr=1.43e-05
Epoch 250/300 | loss=0.1152 | best=0.1150 | lr=1.00e-05

--- Eval at epoch 250 ---
  Layer 1:
    test_id                   (in-dist) KNN=100.0% LP=94.5% MLP=100.0% L2_dist=0.18 Cos_sim=0.998
    test_cross_env            (OOD)     KNN=20.9% LP=25.9% MLP=32.0% L2_dist=1.30 Cos_sim=0.936
    test_cross_device         (OPEN-SET) identities=7   Rank1=99.9%    (n_query=4817)  VerifAUC=0.7266  EER=0.3828
    test_cross_user           (OPEN-SET) identities=1   Rank1=100.0%   (n_query=6055)  VerifAUC=n/a  EER=n/a (TRIVIAL -- single identity in this split)
  Layer 3:
    test_id                   (in-dist) KNN=100.0% LP=98.4% MLP=100.0% L2_dist=0.20 Cos_sim=0.997
    test_cross_env            (OOD)     KNN=24.1% LP=35.7% MLP=27.2% L2_dist=1.45 Cos_sim=0.893
    test_cross_device         (OPEN-SET) identities=7   Rank1=99.8%    (n_query=4817)  VerifAUC=0.7402  EER=0.3508
    test_cross_user           (OPEN-SET) identities=1   Rank1=100.0%   (n_query=6055)  VerifAUC=n/a  EER=n/a (TRIVIAL -- single identity in this split)
  Layer 6:
    test_id                   (in-dist) KNN=100.0% LP=99.7% MLP=100.0% L2_dist=0.22 Cos_sim=0.996
    test_cross_env            (OOD)     KNN=18.7% LP=24.4% MLP=17.5% L2_dist=1.77 Cos_sim=0.769
    test_cross_device         (OPEN-SET) identities=7   Rank1=99.8%    (n_query=4817)  VerifAUC=0.6960  EER=0.3811
    test_cross_user           (OPEN-SET) identities=1   Rank1=100.0%   (n_query=6055)  VerifAUC=n/a  EER=n/a (TRIVIAL -- single identity in this split)
  Layer 9:
    test_id                   (in-dist) KNN=100.0% LP=99.8% MLP=100.0% L2_dist=0.23 Cos_sim=0.996
    test_cross_env            (OOD)     KNN=18.9% LP=19.2% MLP=27.8% L2_dist=1.74 Cos_sim=0.836
    test_cross_device         (OPEN-SET) identities=7   Rank1=99.8%    (n_query=4817)  VerifAUC=0.7100  EER=0.3710
    test_cross_user           (OPEN-SET) identities=1   Rank1=100.0%   (n_query=6055)  VerifAUC=n/a  EER=n/a (TRIVIAL -- single identity in this split)
  Layer 12:
    test_id                   (in-dist) KNN=100.0% LP=99.6% MLP=100.0% L2_dist=0.23 Cos_sim=0.998
    test_cross_env            (OOD)     KNN=20.0% LP=10.5% MLP=12.2% L2_dist=1.87 Cos_sim=0.910
    test_cross_device         (OPEN-SET) identities=7   Rank1=99.8%    (n_query=4817)  VerifAUC=0.7114  EER=0.3752
    test_cross_user           (OPEN-SET) identities=1   Rank1=100.0%   (n_query=6055)  VerifAUC=n/a  EER=n/a (TRIVIAL -- single identity in this split)

Epoch 260/300 | loss=0.1150 | best=0.1149 | lr=6.48e-06
Epoch 270/300 | loss=0.1150 | best=0.1148 | lr=3.67e-06
Epoch 280/300 | loss=0.1148 | best=0.1148 | lr=1.64e-06
Epoch 290/300 | loss=0.1149 | best=0.1147 | lr=4.11e-07
Epoch 300/300 | loss=0.1149 | best=0.1147 | lr=0.00e+00

--- Eval at epoch 300 ---
  Layer 1:
    test_id                   (in-dist) KNN=100.0% LP=94.6% MLP=100.0% L2_dist=0.18 Cos_sim=0.998
    test_cross_env            (OOD)     KNN=20.9% LP=27.8% MLP=35.6% L2_dist=1.30 Cos_sim=0.935
    test_cross_device         (OPEN-SET) identities=7   Rank1=99.9%    (n_query=4817)  VerifAUC=0.7268  EER=0.3829
    test_cross_user           (OPEN-SET) identities=1   Rank1=100.0%   (n_query=6055)  VerifAUC=n/a  EER=n/a (TRIVIAL -- single identity in this split)
  Layer 3:
    test_id                   (in-dist) KNN=100.0% LP=98.4% MLP=100.0% L2_dist=0.20 Cos_sim=0.997
    test_cross_env            (OOD)     KNN=23.6% LP=36.8% MLP=24.5% L2_dist=1.45 Cos_sim=0.892
    test_cross_device         (OPEN-SET) identities=7   Rank1=99.8%    (n_query=4817)  VerifAUC=0.7400  EER=0.3537
    test_cross_user           (OPEN-SET) identities=1   Rank1=100.0%   (n_query=6055)  VerifAUC=n/a  EER=n/a (TRIVIAL -- single identity in this split)
  Layer 6:
    test_id                   (in-dist) KNN=100.0% LP=99.7% MLP=100.0% L2_dist=0.22 Cos_sim=0.995
    test_cross_env            (OOD)     KNN=18.6% LP=23.8% MLP=21.2% L2_dist=1.77 Cos_sim=0.767
    test_cross_device         (OPEN-SET) identities=7   Rank1=99.8%    (n_query=4817)  VerifAUC=0.6953  EER=0.3804
    test_cross_user           (OPEN-SET) identities=1   Rank1=100.0%   (n_query=6055)  VerifAUC=n/a  EER=n/a (TRIVIAL -- single identity in this split)
  Layer 9:
    test_id                   (in-dist) KNN=100.0% LP=99.8% MLP=100.0% L2_dist=0.23 Cos_sim=0.996
    test_cross_env            (OOD)     KNN=19.4% LP=18.7% MLP=24.5% L2_dist=1.75 Cos_sim=0.833
    test_cross_device         (OPEN-SET) identities=7   Rank1=99.8%    (n_query=4817)  VerifAUC=0.7088  EER=0.3732
    test_cross_user           (OPEN-SET) identities=1   Rank1=100.0%   (n_query=6055)  VerifAUC=n/a  EER=n/a (TRIVIAL -- single identity in this split)
  Layer 12:
    test_id                   (in-dist) KNN=100.0% LP=99.7% MLP=100.0% L2_dist=0.23 Cos_sim=0.998
    test_cross_env            (OOD)     KNN=19.6% LP=7.5% MLP=16.3% L2_dist=1.88 Cos_sim=0.908
    test_cross_device         (OPEN-SET) identities=7   Rank1=99.8%    (n_query=4817)  VerifAUC=0.7110  EER=0.3772
    test_cross_user           (OPEN-SET) identities=1   Rank1=100.0%   (n_query=6055)  VerifAUC=n/a  EER=n/a (TRIVIAL -- single identity in this split)


Done. Best pretrain loss: 0.1147
Results: /home/zhuzih19/csi-project/csi-fall-detection/results/mae_hid/mae_hid_ep300_mask0.5_strategyrandom_ph29pw25_seed43_enc12_dim128_bs128.json
Checkpoint: /home/zhuzih19/csi-project/csi-fall-detection/checkpoints/mae_hid/mae_hid_ep300_mask0.5_strategyrandom_ph29pw25_seed43_enc12_dim128_bs128_best.pt
