nohup: ignoring input

Experiment: mae_hid_ep300_mask0.875_strategyrandom_ph29pw25_seed42_enc12_dim128_bs128  (task=HumanIdentification)
[patch-pad] patch_h=29, patch_w=25 evenly divide 232x500, no padding needed. num_patches=160
[mem-check] num_patches=160  batch_size=128  encoder_depth=12  attention-score memory: 0.05 GB/layer, 0.59 GB cumulative (all layers retained for backward)
label_map: {'U01': 0, 'U03': 1, 'U04': 2, 'U05': 3, 'U06': 4, 'U22': 5}  num_classes: 6
  test_id: 4602 samples
  test_cross_device: 9631 samples -- OPEN-SET eval (contains identities not in train_id's label_map: ['U02']). Uses Rank-1 retrieval + verification AUC/EER instead of KNN/LP/MLP.
  test_cross_env: 6650 samples
  test_cross_user: 12109 samples -- OPEN-SET eval (contains identities not in train_id's label_map: ['U02']). Uses Rank-1 retrieval + verification AUC/EER instead of KNN/LP/MLP.
MAE params: 2,658,709
Epoch 010/300 | loss=0.2607 | best=0.2607 | lr=1.50e-04
Epoch 020/300 | loss=0.1714 | best=0.1714 | lr=1.48e-04
Epoch 030/300 | loss=0.1469 | best=0.1469 | lr=1.46e-04
Epoch 040/300 | loss=0.1346 | best=0.1346 | lr=1.44e-04
Epoch 050/300 | loss=0.1315 | best=0.1305 | lr=1.40e-04

--- Eval at epoch 50 ---
  Layer 1:
    test_id                   (in-dist) KNN=100.0% LP=91.5% MLP=100.0% L2_dist=0.16 Cos_sim=0.999
    test_cross_env            (OOD)     KNN=33.8% LP=28.7% MLP=29.4% L2_dist=1.01 Cos_sim=0.981
    test_cross_device         (OPEN-SET) identities=7   Rank1=99.7%    (n_query=4817)  VerifAUC=0.7627  EER=0.3344
    test_cross_user           (OPEN-SET) identities=1   Rank1=100.0%   (n_query=6055)  VerifAUC=n/a  EER=n/a (TRIVIAL -- single identity in this split)
  Layer 3:
    test_id                   (in-dist) KNN=100.0% LP=97.2% MLP=100.0% L2_dist=0.22 Cos_sim=0.998
    test_cross_env            (OOD)     KNN=32.5% LP=31.6% MLP=29.2% L2_dist=1.38 Cos_sim=0.947
    test_cross_device         (OPEN-SET) identities=7   Rank1=99.8%    (n_query=4817)  VerifAUC=0.7786  EER=0.3152
    test_cross_user           (OPEN-SET) identities=1   Rank1=100.0%   (n_query=6055)  VerifAUC=n/a  EER=n/a (TRIVIAL -- single identity in this split)
  Layer 6:
    test_id                   (in-dist) KNN=100.0% LP=99.1% MLP=100.0% L2_dist=0.27 Cos_sim=0.997
    test_cross_env            (OOD)     KNN=20.8% LP=23.4% MLP=23.5% L2_dist=1.81 Cos_sim=0.870
    test_cross_device         (OPEN-SET) identities=7   Rank1=99.7%    (n_query=4817)  VerifAUC=0.7385  EER=0.3654
    test_cross_user           (OPEN-SET) identities=1   Rank1=100.0%   (n_query=6055)  VerifAUC=n/a  EER=n/a (TRIVIAL -- single identity in this split)
  Layer 9:
    test_id                   (in-dist) KNN=100.0% LP=99.2% MLP=100.0% L2_dist=0.30 Cos_sim=0.997
    test_cross_env            (OOD)     KNN=19.7% LP=19.0% MLP=21.1% L2_dist=2.01 Cos_sim=0.889
    test_cross_device         (OPEN-SET) identities=7   Rank1=99.7%    (n_query=4817)  VerifAUC=0.7474  EER=0.3519
    test_cross_user           (OPEN-SET) identities=1   Rank1=100.0%   (n_query=6055)  VerifAUC=n/a  EER=n/a (TRIVIAL -- single identity in this split)
  Layer 12:
    test_id                   (in-dist) KNN=100.0% LP=97.8% MLP=100.0% L2_dist=0.27 Cos_sim=0.999
    test_cross_env            (OOD)     KNN=30.0% LP=25.4% MLP=26.1% L2_dist=2.37 Cos_sim=0.942
    test_cross_device         (OPEN-SET) identities=7   Rank1=99.7%    (n_query=4817)  VerifAUC=0.7631  EER=0.3191
    test_cross_user           (OPEN-SET) identities=1   Rank1=100.0%   (n_query=6055)  VerifAUC=n/a  EER=n/a (TRIVIAL -- single identity in this split)

Epoch 060/300 | loss=0.1279 | best=0.1278 | lr=1.36e-04
Epoch 070/300 | loss=0.1255 | best=0.1255 | lr=1.31e-04
Epoch 080/300 | loss=0.1242 | best=0.1242 | lr=1.25e-04
Epoch 090/300 | loss=0.1233 | best=0.1233 | lr=1.19e-04
Epoch 100/300 | loss=0.1246 | best=0.1225 | lr=1.12e-04

--- Eval at epoch 100 ---
  Layer 1:
    test_id                   (in-dist) KNN=100.0% LP=92.7% MLP=100.0% L2_dist=0.16 Cos_sim=0.999
    test_cross_env            (OOD)     KNN=40.2% LP=33.8% MLP=34.2% L2_dist=1.08 Cos_sim=0.978
    test_cross_device         (OPEN-SET) identities=7   Rank1=99.7%    (n_query=4817)  VerifAUC=0.7499  EER=0.3412
    test_cross_user           (OPEN-SET) identities=1   Rank1=100.0%   (n_query=6055)  VerifAUC=n/a  EER=n/a (TRIVIAL -- single identity in this split)
  Layer 3:
    test_id                   (in-dist) KNN=100.0% LP=98.2% MLP=100.0% L2_dist=0.21 Cos_sim=0.998
    test_cross_env            (OOD)     KNN=35.4% LP=25.5% MLP=29.2% L2_dist=1.34 Cos_sim=0.947
    test_cross_device         (OPEN-SET) identities=7   Rank1=99.8%    (n_query=4817)  VerifAUC=0.7687  EER=0.3229
    test_cross_user           (OPEN-SET) identities=1   Rank1=100.0%   (n_query=6055)  VerifAUC=n/a  EER=n/a (TRIVIAL -- single identity in this split)
  Layer 6:
    test_id                   (in-dist) KNN=100.0% LP=99.5% MLP=100.0% L2_dist=0.26 Cos_sim=0.997
    test_cross_env            (OOD)     KNN=21.0% LP=25.0% MLP=23.6% L2_dist=1.78 Cos_sim=0.863
    test_cross_device         (OPEN-SET) identities=7   Rank1=99.8%    (n_query=4817)  VerifAUC=0.7451  EER=0.3456
    test_cross_user           (OPEN-SET) identities=1   Rank1=100.0%   (n_query=6055)  VerifAUC=n/a  EER=n/a (TRIVIAL -- single identity in this split)
  Layer 9:
    test_id                   (in-dist) KNN=100.0% LP=99.8% MLP=100.0% L2_dist=0.29 Cos_sim=0.996
    test_cross_env            (OOD)     KNN=19.8% LP=27.0% MLP=24.5% L2_dist=2.20 Cos_sim=0.835
    test_cross_device         (OPEN-SET) identities=7   Rank1=99.8%    (n_query=4817)  VerifAUC=0.7516  EER=0.3381
    test_cross_user           (OPEN-SET) identities=1   Rank1=100.0%   (n_query=6055)  VerifAUC=n/a  EER=n/a (TRIVIAL -- single identity in this split)
  Layer 12:
    test_id                   (in-dist) KNN=100.0% LP=99.4% MLP=100.0% L2_dist=0.28 Cos_sim=0.998
    test_cross_env            (OOD)     KNN=25.4% LP=37.0% MLP=32.7% L2_dist=2.30 Cos_sim=0.932
    test_cross_device         (OPEN-SET) identities=7   Rank1=99.8%    (n_query=4817)  VerifAUC=0.7674  EER=0.3338
    test_cross_user           (OPEN-SET) identities=1   Rank1=100.0%   (n_query=6055)  VerifAUC=n/a  EER=n/a (TRIVIAL -- single identity in this split)

