nohup: ignoring input

Experiment: mae_hid_ep150_mask0.75_strategyrandom_ph29pw25_seed42_enc12_dim128_bs128  (task=HumanIdentification)
[patch-pad] patch_h=29, patch_w=25 evenly divide 232x500, no padding needed. num_patches=160
[mem-check] num_patches=160  batch_size=128  encoder_depth=12  attention-score memory: 0.05 GB/layer, 0.59 GB cumulative (all layers retained for backward)
label_map: {'U01': 0, 'U03': 1, 'U04': 2, 'U05': 3, 'U06': 4, 'U22': 5}  num_classes: 6
  test_id: 4602 samples
  test_cross_device: 9631 samples -- OPEN-SET eval (contains identities not in train_id's label_map: ['U02']). Uses Rank-1 retrieval + verification AUC/EER instead of KNN/LP/MLP.
  test_cross_env: 6650 samples
  test_cross_user: 12109 samples -- OPEN-SET eval (contains identities not in train_id's label_map: ['U02']). Uses Rank-1 retrieval + verification AUC/EER instead of KNN/LP/MLP.
MAE params: 2,658,709
Epoch 010/150 | loss=0.2455 | best=0.2455 | lr=1.48e-04
Epoch 020/150 | loss=0.1659 | best=0.1659 | lr=1.44e-04
Epoch 030/150 | loss=0.1390 | best=0.1390 | lr=1.36e-04
Epoch 040/150 | loss=0.1292 | best=0.1292 | lr=1.25e-04
Epoch 050/150 | loss=0.1256 | best=0.1256 | lr=1.12e-04

--- Eval at epoch 50 ---
  Layer 1:
    test_id                   (in-dist) KNN=99.9% LP=92.1% MLP=100.0% L2_dist=0.19 Cos_sim=0.999
    test_cross_env            (OOD)     KNN=20.9% LP=18.6% MLP=23.3% L2_dist=1.13 Cos_sim=0.966
    test_cross_device         (OPEN-SET) identities=7   Rank1=99.8%    (n_query=4817)  VerifAUC=0.7532  EER=0.3287
    test_cross_user           (OPEN-SET) identities=1   Rank1=100.0%   (n_query=6055)  VerifAUC=n/a  EER=n/a (TRIVIAL -- single identity in this split)
  Layer 3:
    test_id                   (in-dist) KNN=100.0% LP=98.4% MLP=100.0% L2_dist=0.21 Cos_sim=0.998
    test_cross_env            (OOD)     KNN=21.4% LP=23.9% MLP=18.6% L2_dist=1.60 Cos_sim=0.920
    test_cross_device         (OPEN-SET) identities=7   Rank1=99.8%    (n_query=4817)  VerifAUC=0.7646  EER=0.2951
    test_cross_user           (OPEN-SET) identities=1   Rank1=100.0%   (n_query=6055)  VerifAUC=n/a  EER=n/a (TRIVIAL -- single identity in this split)
  Layer 6:
    test_id                   (in-dist) KNN=100.0% LP=99.0% MLP=100.0% L2_dist=0.25 Cos_sim=0.997
    test_cross_env            (OOD)     KNN=19.5% LP=29.3% MLP=22.2% L2_dist=2.19 Cos_sim=0.820
    test_cross_device         (OPEN-SET) identities=7   Rank1=99.8%    (n_query=4817)  VerifAUC=0.7286  EER=0.3661
    test_cross_user           (OPEN-SET) identities=1   Rank1=100.0%   (n_query=6055)  VerifAUC=n/a  EER=n/a (TRIVIAL -- single identity in this split)
  Layer 9:
    test_id                   (in-dist) KNN=100.0% LP=99.5% MLP=100.0% L2_dist=0.27 Cos_sim=0.997
    test_cross_env            (OOD)     KNN=18.6% LP=21.8% MLP=14.3% L2_dist=2.61 Cos_sim=0.790
    test_cross_device         (OPEN-SET) identities=7   Rank1=99.8%    (n_query=4817)  VerifAUC=0.7453  EER=0.3502
    test_cross_user           (OPEN-SET) identities=1   Rank1=100.0%   (n_query=6055)  VerifAUC=n/a  EER=n/a (TRIVIAL -- single identity in this split)
  Layer 12:
    test_id                   (in-dist) KNN=100.0% LP=98.1% MLP=100.0% L2_dist=0.23 Cos_sim=0.999
    test_cross_env            (OOD)     KNN=14.9% LP=21.2% MLP=16.3% L2_dist=2.63 Cos_sim=0.926
    test_cross_device         (OPEN-SET) identities=7   Rank1=99.9%    (n_query=4817)  VerifAUC=0.7330  EER=0.3139
    test_cross_user           (OPEN-SET) identities=1   Rank1=100.0%   (n_query=6055)  VerifAUC=n/a  EER=n/a (TRIVIAL -- single identity in this split)

Epoch 060/150 | loss=0.1233 | best=0.1233 | lr=9.82e-05
Epoch 070/150 | loss=0.1221 | best=0.1221 | lr=8.28e-05
Epoch 080/150 | loss=0.1210 | best=0.1210 | lr=6.72e-05
Epoch 090/150 | loss=0.1204 | best=0.1204 | lr=5.18e-05
Epoch 100/150 | loss=0.1199 | best=0.1199 | lr=3.75e-05

--- Eval at epoch 100 ---
  Layer 1:
    test_id                   (in-dist) KNN=100.0% LP=93.7% MLP=100.0% L2_dist=0.19 Cos_sim=0.999
    test_cross_env            (OOD)     KNN=18.8% LP=24.0% MLP=20.2% L2_dist=1.27 Cos_sim=0.948
    test_cross_device         (OPEN-SET) identities=7   Rank1=99.7%    (n_query=4817)  VerifAUC=0.7468  EER=0.3491
    test_cross_user           (OPEN-SET) identities=1   Rank1=100.0%   (n_query=6055)  VerifAUC=n/a  EER=n/a (TRIVIAL -- single identity in this split)
  Layer 3:
    test_id                   (in-dist) KNN=100.0% LP=98.9% MLP=100.0% L2_dist=0.22 Cos_sim=0.997
    test_cross_env            (OOD)     KNN=19.2% LP=25.1% MLP=20.1% L2_dist=1.78 Cos_sim=0.875
    test_cross_device         (OPEN-SET) identities=7   Rank1=99.8%    (n_query=4817)  VerifAUC=0.7562  EER=0.3277
    test_cross_user           (OPEN-SET) identities=1   Rank1=100.0%   (n_query=6055)  VerifAUC=n/a  EER=n/a (TRIVIAL -- single identity in this split)
  Layer 6:
    test_id                   (in-dist) KNN=100.0% LP=99.4% MLP=100.0% L2_dist=0.25 Cos_sim=0.996
    test_cross_env            (OOD)     KNN=20.4% LP=34.0% MLP=28.9% L2_dist=2.18 Cos_sim=0.768
    test_cross_device         (OPEN-SET) identities=7   Rank1=99.8%    (n_query=4817)  VerifAUC=0.7319  EER=0.3711
    test_cross_user           (OPEN-SET) identities=1   Rank1=100.0%   (n_query=6055)  VerifAUC=n/a  EER=n/a (TRIVIAL -- single identity in this split)
  Layer 9:
    test_id                   (in-dist) KNN=100.0% LP=99.5% MLP=100.0% L2_dist=0.27 Cos_sim=0.997
    test_cross_env            (OOD)     KNN=17.4% LP=18.9% MLP=21.1% L2_dist=2.39 Cos_sim=0.785
    test_cross_device         (OPEN-SET) identities=7   Rank1=99.9%    (n_query=4817)  VerifAUC=0.7427  EER=0.3315
    test_cross_user           (OPEN-SET) identities=1   Rank1=100.0%   (n_query=6055)  VerifAUC=n/a  EER=n/a (TRIVIAL -- single identity in this split)
  Layer 12:
    test_id                   (in-dist) KNN=100.0% LP=99.2% MLP=100.0% L2_dist=0.23 Cos_sim=0.999
    test_cross_env            (OOD)     KNN=12.8% LP=21.7% MLP=24.1% L2_dist=2.33 Cos_sim=0.938
    test_cross_device         (OPEN-SET) identities=7   Rank1=99.8%    (n_query=4817)  VerifAUC=0.7476  EER=0.3397
    test_cross_user           (OPEN-SET) identities=1   Rank1=100.0%   (n_query=6055)  VerifAUC=n/a  EER=n/a (TRIVIAL -- single identity in this split)

Epoch 110/150 | loss=0.1196 | best=0.1195 | lr=2.48e-05
Epoch 120/150 | loss=0.1192 | best=0.1192 | lr=1.43e-05
Epoch 130/150 | loss=0.1189 | best=0.1189 | lr=6.48e-06
Epoch 140/150 | loss=0.1188 | best=0.1187 | lr=1.64e-06
Epoch 150/150 | loss=0.1187 | best=0.1187 | lr=0.00e+00

--- Eval at epoch 150 ---
  Layer 1:
    test_id                   (in-dist) KNN=100.0% LP=93.9% MLP=100.0% L2_dist=0.19 Cos_sim=0.998
    test_cross_env            (OOD)     KNN=18.0% LP=24.5% MLP=19.2% L2_dist=1.29 Cos_sim=0.944
    test_cross_device         (OPEN-SET) identities=7   Rank1=99.8%    (n_query=4817)  VerifAUC=0.7461  EER=0.3536
    test_cross_user           (OPEN-SET) identities=1   Rank1=100.0%   (n_query=6055)  VerifAUC=n/a  EER=n/a (TRIVIAL -- single identity in this split)
  Layer 3:
    test_id                   (in-dist) KNN=100.0% LP=99.0% MLP=100.0% L2_dist=0.22 Cos_sim=0.997
    test_cross_env            (OOD)     KNN=20.0% LP=25.3% MLP=19.2% L2_dist=1.81 Cos_sim=0.863
    test_cross_device         (OPEN-SET) identities=7   Rank1=99.8%    (n_query=4817)  VerifAUC=0.7563  EER=0.3246
    test_cross_user           (OPEN-SET) identities=1   Rank1=100.0%   (n_query=6055)  VerifAUC=n/a  EER=n/a (TRIVIAL -- single identity in this split)
  Layer 6:
    test_id                   (in-dist) KNN=100.0% LP=99.4% MLP=100.0% L2_dist=0.25 Cos_sim=0.996
    test_cross_env            (OOD)     KNN=20.3% LP=32.9% MLP=22.5% L2_dist=2.18 Cos_sim=0.747
    test_cross_device         (OPEN-SET) identities=7   Rank1=99.8%    (n_query=4817)  VerifAUC=0.7347  EER=0.3708
    test_cross_user           (OPEN-SET) identities=1   Rank1=100.0%   (n_query=6055)  VerifAUC=n/a  EER=n/a (TRIVIAL -- single identity in this split)
  Layer 9:
    test_id                   (in-dist) KNN=100.0% LP=99.5% MLP=100.0% L2_dist=0.27 Cos_sim=0.997
    test_cross_env            (OOD)     KNN=16.3% LP=19.5% MLP=21.5% L2_dist=2.35 Cos_sim=0.785
    test_cross_device         (OPEN-SET) identities=7   Rank1=99.8%    (n_query=4817)  VerifAUC=0.7436  EER=0.3353
    test_cross_user           (OPEN-SET) identities=1   Rank1=100.0%   (n_query=6055)  VerifAUC=n/a  EER=n/a (TRIVIAL -- single identity in this split)
  Layer 12:
    test_id                   (in-dist) KNN=100.0% LP=99.2% MLP=100.0% L2_dist=0.23 Cos_sim=0.999
    test_cross_env            (OOD)     KNN=12.3% LP=21.4% MLP=22.8% L2_dist=2.28 Cos_sim=0.941
    test_cross_device         (OPEN-SET) identities=7   Rank1=99.9%    (n_query=4817)  VerifAUC=0.7510  EER=0.3289
    test_cross_user           (OPEN-SET) identities=1   Rank1=100.0%   (n_query=6055)  VerifAUC=n/a  EER=n/a (TRIVIAL -- single identity in this split)


Done. Best pretrain loss: 0.1187
Results: /home/zhuzih19/csi-project/csi-fall-detection/results/mae_hid/mae_hid_ep150_mask0.75_strategyrandom_ph29pw25_seed42_enc12_dim128_bs128.json
Checkpoint: /home/zhuzih19/csi-project/csi-fall-detection/checkpoints/mae_hid/mae_hid_ep150_mask0.75_strategyrandom_ph29pw25_seed42_enc12_dim128_bs128_best.pt
