nohup: ignoring input
/home/zhuzih19/csi-project/csi-fall-detection/train/train_mae_hid.py:1124: UserWarning: Detected call of `lr_scheduler.step()` before `optimizer.step()`. In PyTorch 1.1.0 and later, you should call them in the opposite order: `optimizer.step()` before `lr_scheduler.step()`.  Failure to do this will result in PyTorch skipping the first value of the learning rate schedule. See more details at https://pytorch.org/docs/stable/optim.html#how-to-adjust-learning-rate
  scheduler.step()

Experiment: mae_hid_ep150_mask0.75_strategyrandom_ph29pw25_seed42_enc12_dim128_bs128  (task=HumanIdentification)
[patch-pad] patch_h=29, patch_w=25 evenly divide 232x500, no padding needed. num_patches=160
[mem-check] num_patches=160  batch_size=128  encoder_depth=12  attention-score memory: 0.05 GB/layer, 0.59 GB cumulative (all layers retained for backward)
label_map: {'U01': 0, 'U03': 1, 'U04': 2, 'U05': 3, 'U06': 4, 'U22': 5}  num_classes: 6
  test_id: 4602 samples
  test_cross_device: SKIPPED in closed-set eval -- contains identities not in train_id's label_map: ['U02']. Use eval_hid_openset.py for this split instead (Rank-1 retrieval / verification AUC, which don't need a closed identity set).
  test_cross_env: 6650 samples
  test_cross_user: SKIPPED in closed-set eval -- contains identities not in train_id's label_map: ['U02']. Use eval_hid_openset.py for this split instead (Rank-1 retrieval / verification AUC, which don't need a closed identity set).
  (skipped 2/4 splits from closed-set eval: ['test_cross_device', 'test_cross_user'] -- see eval_hid_openset.py)
MAE params: 2,658,709
[resume] loaded checkpoints/mae_hid/mae_hid_ep150_mask0.75_strategyrandom_ph29pw25_seed42_enc12_dim128_bs128_best.pt: was at epoch 50, loss=0.1256 -- continuing from epoch 51
[resume] fast-forwarded LR schedule to epoch 51 (lr=1.12e-04)
Epoch 060/150 | loss=0.1239 | best=0.1239 | lr=9.82e-05
Epoch 070/150 | loss=0.1220 | best=0.1220 | lr=8.28e-05
Epoch 080/150 | loss=0.1211 | best=0.1211 | lr=6.72e-05
Epoch 090/150 | loss=0.1203 | best=0.1203 | lr=5.18e-05
Epoch 100/150 | loss=0.1198 | best=0.1198 | lr=3.75e-05

--- Eval at epoch 100 ---
  Layer 1:
    test_id                   (in-dist) KNN=100.0% LP=93.5% MLP=100.0% L2_dist=0.19 Cos_sim=0.998
    test_cross_env            (OOD)     KNN=18.6% LP=23.0% MLP=21.2% L2_dist=1.29 Cos_sim=0.945
  Layer 3:
    test_id                   (in-dist) KNN=100.0% LP=99.0% MLP=100.0% L2_dist=0.22 Cos_sim=0.997
    test_cross_env            (OOD)     KNN=19.7% LP=24.7% MLP=19.1% L2_dist=1.81 Cos_sim=0.871
  Layer 6:
    test_id                   (in-dist) KNN=100.0% LP=99.4% MLP=100.0% L2_dist=0.25 Cos_sim=0.996
    test_cross_env            (OOD)     KNN=20.5% LP=33.8% MLP=32.2% L2_dist=2.20 Cos_sim=0.758
  Layer 9:
    test_id                   (in-dist) KNN=100.0% LP=99.5% MLP=100.0% L2_dist=0.27 Cos_sim=0.997
    test_cross_env            (OOD)     KNN=16.4% LP=19.8% MLP=20.7% L2_dist=2.40 Cos_sim=0.782
  Layer 12:
    test_id                   (in-dist) KNN=100.0% LP=99.1% MLP=100.0% L2_dist=0.23 Cos_sim=0.999
    test_cross_env            (OOD)     KNN=12.5% LP=21.1% MLP=22.7% L2_dist=2.34 Cos_sim=0.937

Epoch 110/150 | loss=0.1194 | best=0.1194 | lr=2.48e-05
Epoch 120/150 | loss=0.1191 | best=0.1191 | lr=1.43e-05
Epoch 130/150 | loss=0.1189 | best=0.1189 | lr=6.48e-06
Epoch 140/150 | loss=0.1188 | best=0.1187 | lr=1.64e-06
Epoch 150/150 | loss=0.1187 | best=0.1187 | lr=0.00e+00

--- Eval at epoch 150 ---
  Layer 1:
    test_id                   (in-dist) KNN=100.0% LP=93.7% MLP=100.0% L2_dist=0.19 Cos_sim=0.998
    test_cross_env            (OOD)     KNN=18.3% LP=24.1% MLP=18.8% L2_dist=1.31 Cos_sim=0.941
  Layer 3:
    test_id                   (in-dist) KNN=100.0% LP=99.0% MLP=100.0% L2_dist=0.22 Cos_sim=0.997
    test_cross_env            (OOD)     KNN=20.3% LP=25.7% MLP=17.6% L2_dist=1.83 Cos_sim=0.860
  Layer 6:
    test_id                   (in-dist) KNN=100.0% LP=99.4% MLP=100.0% L2_dist=0.25 Cos_sim=0.996
    test_cross_env            (OOD)     KNN=21.2% LP=32.5% MLP=30.2% L2_dist=2.18 Cos_sim=0.745
  Layer 9:
    test_id                   (in-dist) KNN=100.0% LP=99.6% MLP=100.0% L2_dist=0.27 Cos_sim=0.997
    test_cross_env            (OOD)     KNN=16.5% LP=18.9% MLP=21.6% L2_dist=2.33 Cos_sim=0.789
  Layer 12:
    test_id                   (in-dist) KNN=100.0% LP=99.2% MLP=100.0% L2_dist=0.23 Cos_sim=0.999
    test_cross_env            (OOD)     KNN=12.3% LP=21.6% MLP=24.9% L2_dist=2.27 Cos_sim=0.942


Done. Best pretrain loss: 0.1187
Results: /home/zhuzih19/csi-project/csi-fall-detection/results/mae_hid/mae_hid_ep150_mask0.75_strategyrandom_ph29pw25_seed42_enc12_dim128_bs128.json
Checkpoint: /home/zhuzih19/csi-project/csi-fall-detection/checkpoints/mae_hid/mae_hid_ep150_mask0.75_strategyrandom_ph29pw25_seed42_enc12_dim128_bs128_best.pt
