nohup: ignoring input

Experiment: mae_har_ep300_mask0.75_strategyrandom_ph29pw25_seed43_enc12_dim128_bs128
[patch-pad] patch_h=29, patch_w=25 evenly divide 232x500, no padding needed. num_patches=160
[mem-check] num_patches=160  batch_size=128  encoder_depth=12  attention-score memory: 0.05 GB/layer, 0.59 GB cumulative (all layers retained for backward)
label_map: {'jumping': 0, 'running': 1, 'seated-breathing': 2, 'walking': 3, 'wavinghand': 4}  num_classes: 5
  test_id: 4602 samples
  test_cross_device: 9631 samples
  test_cross_env: 6650 samples
  test_cross_user: 12109 samples
MAE params: 2,658,709
Epoch 010/300 | loss=0.1963 | best=0.1963 | lr=1.50e-04
Epoch 020/300 | loss=0.1451 | best=0.1451 | lr=1.48e-04
Epoch 030/300 | loss=0.1296 | best=0.1296 | lr=1.46e-04
Epoch 040/300 | loss=0.1257 | best=0.1257 | lr=1.44e-04
Epoch 050/300 | loss=0.1238 | best=0.1236 | lr=1.40e-04

--- Eval at epoch 50 ---
  Layer 1:
    test_id                   (in-dist) KNN=94.0% LP=52.1% MLP=88.6% L2_dist=0.27 Cos_sim=0.997
    test_cross_device         (OOD)     KNN=25.0% LP=51.4% MLP=18.7% L2_dist=2.72 Cos_sim=0.900
    test_cross_env            (OOD)     KNN=37.6% LP=46.6% MLP=23.8% L2_dist=1.79 Cos_sim=0.915
    test_cross_user           (OOD)     KNN=41.7% LP=50.1% MLP=43.7% L2_dist=1.51 Cos_sim=0.946
  Layer 3:
    test_id                   (in-dist) KNN=95.0% LP=53.6% MLP=92.5% L2_dist=0.30 Cos_sim=0.994
    test_cross_device         (OOD)     KNN=20.3% LP=50.3% MLP=21.6% L2_dist=3.01 Cos_sim=0.810
    test_cross_env            (OOD)     KNN=33.5% LP=38.3% MLP=30.0% L2_dist=2.02 Cos_sim=0.851
    test_cross_user           (OOD)     KNN=41.8% LP=49.5% MLP=42.5% L2_dist=1.67 Cos_sim=0.896
  Layer 6:
    test_id                   (in-dist) KNN=95.2% LP=55.1% MLP=93.3% L2_dist=0.33 Cos_sim=0.992
    test_cross_device         (OOD)     KNN=22.2% LP=47.4% MLP=27.6% L2_dist=3.57 Cos_sim=0.774
    test_cross_env            (OOD)     KNN=33.8% LP=41.0% MLP=33.8% L2_dist=2.24 Cos_sim=0.848
    test_cross_user           (OOD)     KNN=42.9% LP=50.6% MLP=46.8% L2_dist=1.95 Cos_sim=0.890
  Layer 9:
    test_id                   (in-dist) KNN=95.0% LP=54.5% MLP=93.0% L2_dist=0.34 Cos_sim=0.996
    test_cross_device         (OOD)     KNN=25.8% LP=41.2% MLP=37.0% L2_dist=3.97 Cos_sim=0.820
    test_cross_env            (OOD)     KNN=34.9% LP=41.2% MLP=28.7% L2_dist=2.27 Cos_sim=0.889
    test_cross_user           (OOD)     KNN=44.7% LP=44.0% MLP=45.8% L2_dist=2.31 Cos_sim=0.899
  Layer 12:
    test_id                   (in-dist) KNN=94.7% LP=53.2% MLP=91.3% L2_dist=0.32 Cos_sim=0.998
    test_cross_device         (OOD)     KNN=27.1% LP=47.0% MLP=34.7% L2_dist=4.22 Cos_sim=0.899
    test_cross_env            (OOD)     KNN=42.3% LP=50.0% MLP=38.1% L2_dist=1.95 Cos_sim=0.959
    test_cross_user           (OOD)     KNN=44.9% LP=49.4% MLP=46.4% L2_dist=2.32 Cos_sim=0.954

Epoch 060/300 | loss=0.1217 | best=0.1217 | lr=1.36e-04
Epoch 070/300 | loss=0.1205 | best=0.1205 | lr=1.31e-04
Epoch 080/300 | loss=0.1197 | best=0.1197 | lr=1.25e-04
Epoch 090/300 | loss=0.1192 | best=0.1192 | lr=1.19e-04
Epoch 100/300 | loss=0.1190 | best=0.1186 | lr=1.12e-04

--- Eval at epoch 100 ---
  Layer 1:
    test_id                   (in-dist) KNN=94.0% LP=52.8% MLP=90.1% L2_dist=0.27 Cos_sim=0.997
    test_cross_device         (OOD)     KNN=24.5% LP=51.1% MLP=31.0% L2_dist=2.72 Cos_sim=0.882
    test_cross_env            (OOD)     KNN=38.3% LP=46.5% MLP=29.8% L2_dist=1.75 Cos_sim=0.897
    test_cross_user           (OOD)     KNN=41.2% LP=49.8% MLP=45.0% L2_dist=1.50 Cos_sim=0.936
  Layer 3:
    test_id                   (in-dist) KNN=95.0% LP=55.0% MLP=94.2% L2_dist=0.30 Cos_sim=0.993
    test_cross_device         (OOD)     KNN=19.1% LP=49.8% MLP=25.9% L2_dist=2.99 Cos_sim=0.795
    test_cross_env            (OOD)     KNN=35.1% LP=37.4% MLP=36.8% L2_dist=1.97 Cos_sim=0.820
    test_cross_user           (OOD)     KNN=42.1% LP=48.8% MLP=47.0% L2_dist=1.64 Cos_sim=0.889
  Layer 6:
    test_id                   (in-dist) KNN=94.8% LP=56.4% MLP=94.6% L2_dist=0.32 Cos_sim=0.991
    test_cross_device         (OOD)     KNN=22.2% LP=48.4% MLP=43.1% L2_dist=3.32 Cos_sim=0.730
    test_cross_env            (OOD)     KNN=32.3% LP=37.9% MLP=29.8% L2_dist=2.12 Cos_sim=0.819
    test_cross_user           (OOD)     KNN=42.4% LP=48.8% MLP=47.8% L2_dist=1.85 Cos_sim=0.879
  Layer 9:
    test_id                   (in-dist) KNN=95.1% LP=57.1% MLP=94.5% L2_dist=0.33 Cos_sim=0.994
    test_cross_device         (OOD)     KNN=26.2% LP=40.8% MLP=37.5% L2_dist=3.65 Cos_sim=0.780
    test_cross_env            (OOD)     KNN=33.2% LP=35.7% MLP=31.5% L2_dist=2.09 Cos_sim=0.879
    test_cross_user           (OOD)     KNN=44.3% LP=46.5% MLP=44.0% L2_dist=2.09 Cos_sim=0.890
  Layer 12:
    test_id                   (in-dist) KNN=94.9% LP=55.9% MLP=93.5% L2_dist=0.33 Cos_sim=0.998
    test_cross_device         (OOD)     KNN=29.0% LP=42.1% MLP=42.2% L2_dist=3.77 Cos_sim=0.880
    test_cross_env            (OOD)     KNN=35.7% LP=38.6% MLP=35.3% L2_dist=1.96 Cos_sim=0.948
    test_cross_user           (OOD)     KNN=45.4% LP=47.4% MLP=51.5% L2_dist=2.19 Cos_sim=0.938

Epoch 110/300 | loss=0.1181 | best=0.1181 | lr=1.06e-04
Epoch 120/300 | loss=0.1178 | best=0.1178 | lr=9.82e-05
Epoch 130/300 | loss=0.1175 | best=0.1174 | lr=9.06e-05
Epoch 140/300 | loss=0.1173 | best=0.1173 | lr=8.28e-05
Epoch 150/300 | loss=0.1172 | best=0.1171 | lr=7.50e-05

--- Eval at epoch 150 ---
  Layer 1:
    test_id                   (in-dist) KNN=94.1% LP=53.0% MLP=90.8% L2_dist=0.26 Cos_sim=0.996
    test_cross_device         (OOD)     KNN=21.9% LP=50.8% MLP=28.8% L2_dist=2.69 Cos_sim=0.864
    test_cross_env            (OOD)     KNN=38.6% LP=45.8% MLP=27.0% L2_dist=1.72 Cos_sim=0.885
    test_cross_user           (OOD)     KNN=41.5% LP=50.0% MLP=40.9% L2_dist=1.48 Cos_sim=0.928
  Layer 3:
    test_id                   (in-dist) KNN=95.0% LP=55.6% MLP=94.6% L2_dist=0.29 Cos_sim=0.992
    test_cross_device         (OOD)     KNN=22.5% LP=48.8% MLP=35.6% L2_dist=2.90 Cos_sim=0.780
    test_cross_env            (OOD)     KNN=35.9% LP=39.5% MLP=34.6% L2_dist=1.88 Cos_sim=0.803
    test_cross_user           (OOD)     KNN=42.5% LP=50.7% MLP=41.9% L2_dist=1.61 Cos_sim=0.877
  Layer 6:
    test_id                   (in-dist) KNN=95.0% LP=56.7% MLP=95.2% L2_dist=0.31 Cos_sim=0.990
    test_cross_device         (OOD)     KNN=26.3% LP=47.0% MLP=38.9% L2_dist=3.09 Cos_sim=0.700
    test_cross_env            (OOD)     KNN=34.0% LP=40.0% MLP=36.3% L2_dist=2.03 Cos_sim=0.789
    test_cross_user           (OOD)     KNN=43.9% LP=47.8% MLP=46.6% L2_dist=1.80 Cos_sim=0.860
  Layer 9:
    test_id                   (in-dist) KNN=95.2% LP=59.6% MLP=94.7% L2_dist=0.32 Cos_sim=0.994
    test_cross_device         (OOD)     KNN=32.5% LP=36.2% MLP=37.9% L2_dist=3.39 Cos_sim=0.751
    test_cross_env            (OOD)     KNN=35.2% LP=36.6% MLP=29.2% L2_dist=2.02 Cos_sim=0.864
    test_cross_user           (OOD)     KNN=46.4% LP=43.6% MLP=44.6% L2_dist=1.99 Cos_sim=0.876
  Layer 12:
    test_id                   (in-dist) KNN=95.1% LP=57.8% MLP=94.2% L2_dist=0.32 Cos_sim=0.997
    test_cross_device         (OOD)     KNN=29.7% LP=33.6% MLP=31.8% L2_dist=3.50 Cos_sim=0.869
    test_cross_env            (OOD)     KNN=35.8% LP=40.0% MLP=32.9% L2_dist=1.94 Cos_sim=0.937
    test_cross_user           (OOD)     KNN=45.9% LP=42.7% MLP=51.2% L2_dist=2.08 Cos_sim=0.930

Epoch 160/300 | loss=0.1169 | best=0.1169 | lr=6.72e-05
Epoch 170/300 | loss=0.1168 | best=0.1168 | lr=5.94e-05
Epoch 180/300 | loss=0.1166 | best=0.1166 | lr=5.18e-05
Epoch 190/300 | loss=0.1166 | best=0.1165 | lr=4.45e-05
Epoch 200/300 | loss=0.1164 | best=0.1164 | lr=3.75e-05

--- Eval at epoch 200 ---
  Layer 1:
    test_id                   (in-dist) KNN=94.2% LP=53.2% MLP=90.4% L2_dist=0.26 Cos_sim=0.996
    test_cross_device         (OOD)     KNN=23.5% LP=51.5% MLP=27.0% L2_dist=2.69 Cos_sim=0.857
    test_cross_env            (OOD)     KNN=38.7% LP=47.3% MLP=31.8% L2_dist=1.70 Cos_sim=0.875
    test_cross_user           (OOD)     KNN=42.0% LP=50.5% MLP=41.4% L2_dist=1.47 Cos_sim=0.923
  Layer 3:
    test_id                   (in-dist) KNN=95.1% LP=56.1% MLP=95.0% L2_dist=0.28 Cos_sim=0.991
    test_cross_device         (OOD)     KNN=22.7% LP=47.5% MLP=22.6% L2_dist=2.93 Cos_sim=0.762
    test_cross_env            (OOD)     KNN=36.6% LP=40.2% MLP=34.8% L2_dist=1.87 Cos_sim=0.782
    test_cross_user           (OOD)     KNN=42.5% LP=50.6% MLP=45.8% L2_dist=1.61 Cos_sim=0.861
  Layer 6:
    test_id                   (in-dist) KNN=95.0% LP=57.9% MLP=95.6% L2_dist=0.30 Cos_sim=0.989
    test_cross_device         (OOD)     KNN=24.6% LP=41.1% MLP=29.9% L2_dist=3.11 Cos_sim=0.670
    test_cross_env            (OOD)     KNN=33.5% LP=41.0% MLP=35.9% L2_dist=2.01 Cos_sim=0.764
    test_cross_user           (OOD)     KNN=43.0% LP=45.0% MLP=44.9% L2_dist=1.80 Cos_sim=0.841
  Layer 9:
    test_id                   (in-dist) KNN=95.2% LP=59.2% MLP=95.6% L2_dist=0.31 Cos_sim=0.994
    test_cross_device         (OOD)     KNN=32.1% LP=35.7% MLP=35.9% L2_dist=3.36 Cos_sim=0.732
    test_cross_env            (OOD)     KNN=33.0% LP=37.9% MLP=32.1% L2_dist=2.01 Cos_sim=0.850
    test_cross_user           (OOD)     KNN=46.4% LP=43.7% MLP=46.0% L2_dist=1.99 Cos_sim=0.863
  Layer 12:
    test_id                   (in-dist) KNN=94.9% LP=58.4% MLP=94.4% L2_dist=0.31 Cos_sim=0.997
    test_cross_device         (OOD)     KNN=28.2% LP=33.2% MLP=38.7% L2_dist=3.42 Cos_sim=0.862
    test_cross_env            (OOD)     KNN=34.9% LP=38.3% MLP=33.3% L2_dist=1.93 Cos_sim=0.930
    test_cross_user           (OOD)     KNN=45.7% LP=43.1% MLP=47.8% L2_dist=2.06 Cos_sim=0.927

Epoch 210/300 | loss=0.1162 | best=0.1162 | lr=3.09e-05
Epoch 220/300 | loss=0.1161 | best=0.1161 | lr=2.48e-05
Epoch 230/300 | loss=0.1160 | best=0.1160 | lr=1.93e-05
Epoch 240/300 | loss=0.1160 | best=0.1160 | lr=1.43e-05
Epoch 250/300 | loss=0.1159 | best=0.1159 | lr=1.00e-05

--- Eval at epoch 250 ---
  Layer 1:
    test_id                   (in-dist) KNN=94.1% LP=53.3% MLP=90.9% L2_dist=0.26 Cos_sim=0.996
    test_cross_device         (OOD)     KNN=24.4% LP=51.7% MLP=27.9% L2_dist=2.69 Cos_sim=0.852
    test_cross_env            (OOD)     KNN=38.7% LP=46.5% MLP=24.7% L2_dist=1.69 Cos_sim=0.869
    test_cross_user           (OOD)     KNN=42.4% LP=50.5% MLP=44.7% L2_dist=1.47 Cos_sim=0.920
  Layer 3:
    test_id                   (in-dist) KNN=95.2% LP=56.0% MLP=95.0% L2_dist=0.28 Cos_sim=0.991
    test_cross_device         (OOD)     KNN=22.8% LP=48.3% MLP=25.8% L2_dist=2.94 Cos_sim=0.750
    test_cross_env            (OOD)     KNN=36.5% LP=41.3% MLP=37.2% L2_dist=1.86 Cos_sim=0.765
    test_cross_user           (OOD)     KNN=42.4% LP=50.6% MLP=41.9% L2_dist=1.61 Cos_sim=0.851
  Layer 6:
    test_id                   (in-dist) KNN=95.0% LP=58.6% MLP=95.7% L2_dist=0.30 Cos_sim=0.988
    test_cross_device         (OOD)     KNN=24.7% LP=38.9% MLP=31.0% L2_dist=3.11 Cos_sim=0.653
    test_cross_env            (OOD)     KNN=32.4% LP=41.2% MLP=35.9% L2_dist=2.01 Cos_sim=0.741
    test_cross_user           (OOD)     KNN=43.2% LP=43.3% MLP=45.5% L2_dist=1.80 Cos_sim=0.830
  Layer 9:
    test_id                   (in-dist) KNN=95.3% LP=59.6% MLP=95.6% L2_dist=0.31 Cos_sim=0.993
    test_cross_device         (OOD)     KNN=31.8% LP=36.4% MLP=33.7% L2_dist=3.36 Cos_sim=0.727
    test_cross_env            (OOD)     KNN=31.2% LP=38.9% MLP=32.1% L2_dist=2.01 Cos_sim=0.841
    test_cross_user           (OOD)     KNN=46.2% LP=43.1% MLP=45.6% L2_dist=1.96 Cos_sim=0.859
  Layer 12:
    test_id                   (in-dist) KNN=95.0% LP=59.2% MLP=94.7% L2_dist=0.30 Cos_sim=0.997
    test_cross_device         (OOD)     KNN=27.1% LP=32.6% MLP=38.4% L2_dist=3.38 Cos_sim=0.864
    test_cross_env            (OOD)     KNN=32.4% LP=38.6% MLP=30.0% L2_dist=1.92 Cos_sim=0.929
    test_cross_user           (OOD)     KNN=45.0% LP=43.2% MLP=47.0% L2_dist=2.03 Cos_sim=0.928

Epoch 260/300 | loss=0.1159 | best=0.1158 | lr=6.48e-06
Epoch 270/300 | loss=0.1158 | best=0.1158 | lr=3.67e-06
Epoch 280/300 | loss=0.1157 | best=0.1157 | lr=1.64e-06
Epoch 290/300 | loss=0.1158 | best=0.1157 | lr=4.11e-07
Epoch 300/300 | loss=0.1158 | best=0.1157 | lr=0.00e+00

--- Eval at epoch 300 ---
  Layer 1:
    test_id                   (in-dist) KNN=94.2% LP=53.2% MLP=90.6% L2_dist=0.26 Cos_sim=0.996
    test_cross_device         (OOD)     KNN=24.3% LP=51.7% MLP=34.1% L2_dist=2.69 Cos_sim=0.850
    test_cross_env            (OOD)     KNN=38.6% LP=46.6% MLP=32.4% L2_dist=1.69 Cos_sim=0.867
    test_cross_user           (OOD)     KNN=42.2% LP=50.4% MLP=44.5% L2_dist=1.47 Cos_sim=0.919
  Layer 3:
    test_id                   (in-dist) KNN=95.1% LP=55.8% MLP=94.8% L2_dist=0.28 Cos_sim=0.990
    test_cross_device         (OOD)     KNN=22.9% LP=48.1% MLP=27.8% L2_dist=2.95 Cos_sim=0.742
    test_cross_env            (OOD)     KNN=36.2% LP=42.1% MLP=31.4% L2_dist=1.85 Cos_sim=0.759
    test_cross_user           (OOD)     KNN=42.5% LP=50.3% MLP=40.9% L2_dist=1.61 Cos_sim=0.846
  Layer 6:
    test_id                   (in-dist) KNN=95.0% LP=58.7% MLP=96.0% L2_dist=0.30 Cos_sim=0.987
    test_cross_device         (OOD)     KNN=24.5% LP=37.7% MLP=31.1% L2_dist=3.12 Cos_sim=0.645
    test_cross_env            (OOD)     KNN=32.4% LP=43.4% MLP=37.5% L2_dist=2.00 Cos_sim=0.736
    test_cross_user           (OOD)     KNN=43.0% LP=43.6% MLP=49.3% L2_dist=1.80 Cos_sim=0.825
  Layer 9:
    test_id                   (in-dist) KNN=95.4% LP=60.0% MLP=96.0% L2_dist=0.31 Cos_sim=0.993
    test_cross_device         (OOD)     KNN=31.9% LP=37.4% MLP=36.3% L2_dist=3.37 Cos_sim=0.721
    test_cross_env            (OOD)     KNN=31.2% LP=37.7% MLP=35.1% L2_dist=2.00 Cos_sim=0.839
    test_cross_user           (OOD)     KNN=46.2% LP=43.0% MLP=45.1% L2_dist=1.97 Cos_sim=0.856
  Layer 12:
    test_id                   (in-dist) KNN=95.0% LP=59.2% MLP=94.6% L2_dist=0.30 Cos_sim=0.997
    test_cross_device         (OOD)     KNN=26.8% LP=33.2% MLP=35.6% L2_dist=3.38 Cos_sim=0.863
    test_cross_env            (OOD)     KNN=33.2% LP=40.4% MLP=32.6% L2_dist=1.92 Cos_sim=0.928
    test_cross_user           (OOD)     KNN=45.0% LP=43.6% MLP=44.3% L2_dist=2.02 Cos_sim=0.928


Done. Best pretrain loss: 0.1157
Results: /home/zhuzih19/csi-project/csi-fall-detection/results/mae_har/mae_har_ep300_mask0.75_strategyrandom_ph29pw25_seed43_enc12_dim128_bs128.json
Checkpoint: /home/zhuzih19/csi-project/csi-fall-detection/checkpoints/mae_har/mae_har_ep300_mask0.75_strategyrandom_ph29pw25_seed43_enc12_dim128_bs128_best.pt
