nohup: ignoring input

Experiment: mae_har_ep300_mask0.95_strategyrandom_ph29pw25_seed42_enc12_dim128_bs128
[patch-pad] patch_h=29, patch_w=25 evenly divide 232x500, no padding needed. num_patches=160
[mem-check] num_patches=160  batch_size=128  encoder_depth=12  attention-score memory: 0.05 GB/layer, 0.59 GB cumulative (all layers retained for backward)
[split] training on: train_hp
label_map: {'jumping': 0, 'running': 1, 'seated-breathing': 2, 'walking': 3, 'wavinghand': 4}  num_classes: 5
[split] evaluating on: ['val_hp', 'test_cross_device', 'test_cross_env', 'test_cross_user']
  val_hp: 5846 samples
  test_cross_device: 9631 samples
  test_cross_env: 6650 samples
  test_cross_user: 12109 samples
MAE params: 2,658,709
Epoch 010/300 | loss=0.2727 | best=0.2727 | lr=1.50e-04
Epoch 020/300 | loss=0.1719 | best=0.1719 | lr=1.48e-04
Epoch 030/300 | loss=0.1453 | best=0.1453 | lr=1.46e-04
Epoch 040/300 | loss=0.1324 | best=0.1324 | lr=1.44e-04
Epoch 050/300 | loss=0.1257 | best=0.1257 | lr=1.40e-04

--- Eval at epoch 50 ---
  Layer 1:
    val_hp                    (in-dist) KNN=8.1% LP=35.7% MLP=8.9% L2_dist=2.19 Cos_sim=0.908
    test_cross_device         (OOD)     KNN=65.1% LP=52.0% MLP=63.4% L2_dist=2.57 Cos_sim=0.932
    test_cross_env            (OOD)     KNN=64.3% LP=46.3% MLP=63.9% L2_dist=1.51 Cos_sim=0.949
    test_cross_user           (OOD)     KNN=67.8% LP=51.3% MLP=65.4% L2_dist=1.25 Cos_sim=0.970
  Layer 3:
    val_hp                    (in-dist) KNN=7.1% LP=20.1% MLP=8.6% L2_dist=2.46 Cos_sim=0.853
    test_cross_device         (OOD)     KNN=64.6% LP=51.4% MLP=64.4% L2_dist=2.83 Cos_sim=0.884
    test_cross_env            (OOD)     KNN=63.7% LP=47.2% MLP=65.6% L2_dist=1.99 Cos_sim=0.884
    test_cross_user           (OOD)     KNN=67.9% LP=49.2% MLP=66.9% L2_dist=1.45 Cos_sim=0.950
  Layer 6:
    val_hp                    (in-dist) KNN=6.8% LP=19.2% MLP=6.4% L2_dist=2.84 Cos_sim=0.735
    test_cross_device         (OOD)     KNN=64.5% LP=49.4% MLP=64.3% L2_dist=3.06 Cos_sim=0.779
    test_cross_env            (OOD)     KNN=63.6% LP=42.8% MLP=64.1% L2_dist=2.45 Cos_sim=0.785
    test_cross_user           (OOD)     KNN=67.9% LP=47.6% MLP=66.7% L2_dist=1.70 Cos_sim=0.898
  Layer 9:
    val_hp                    (in-dist) KNN=6.2% LP=19.6% MLP=8.1% L2_dist=2.96 Cos_sim=0.689
    test_cross_device         (OOD)     KNN=63.9% LP=46.4% MLP=65.0% L2_dist=3.15 Cos_sim=0.786
    test_cross_env            (OOD)     KNN=63.7% LP=47.3% MLP=63.5% L2_dist=2.63 Cos_sim=0.787
    test_cross_user           (OOD)     KNN=67.5% LP=49.4% MLP=66.2% L2_dist=1.74 Cos_sim=0.859
  Layer 12:
    val_hp                    (in-dist) KNN=6.2% LP=16.6% MLP=6.8% L2_dist=3.35 Cos_sim=0.787
    test_cross_device         (OOD)     KNN=64.0% LP=47.3% MLP=62.0% L2_dist=3.37 Cos_sim=0.875
    test_cross_env            (OOD)     KNN=63.9% LP=49.6% MLP=62.2% L2_dist=2.19 Cos_sim=0.903
    test_cross_user           (OOD)     KNN=66.9% LP=49.7% MLP=64.5% L2_dist=1.95 Cos_sim=0.923

Epoch 060/300 | loss=0.1219 | best=0.1219 | lr=1.36e-04
Epoch 070/300 | loss=0.1209 | best=0.1198 | lr=1.31e-04
Epoch 080/300 | loss=0.1189 | best=0.1189 | lr=1.25e-04
Epoch 090/300 | loss=0.1181 | best=0.1177 | lr=1.19e-04
Epoch 100/300 | loss=0.1176 | best=0.1164 | lr=1.12e-04

--- Eval at epoch 100 ---
  Layer 1:
    val_hp                    (in-dist) KNN=7.7% LP=34.0% MLP=11.6% L2_dist=2.05 Cos_sim=0.905
    test_cross_device         (OOD)     KNN=64.6% LP=53.3% MLP=62.9% L2_dist=2.61 Cos_sim=0.921
    test_cross_env            (OOD)     KNN=63.7% LP=43.8% MLP=63.0% L2_dist=1.47 Cos_sim=0.942
    test_cross_user           (OOD)     KNN=67.7% LP=52.7% MLP=65.1% L2_dist=1.20 Cos_sim=0.966
  Layer 3:
    val_hp                    (in-dist) KNN=6.8% LP=24.4% MLP=8.7% L2_dist=2.31 Cos_sim=0.832
    test_cross_device         (OOD)     KNN=64.6% LP=51.3% MLP=62.6% L2_dist=2.71 Cos_sim=0.852
    test_cross_env            (OOD)     KNN=63.4% LP=46.7% MLP=64.6% L2_dist=1.89 Cos_sim=0.877
    test_cross_user           (OOD)     KNN=67.8% LP=50.5% MLP=67.8% L2_dist=1.36 Cos_sim=0.941
  Layer 6:
    val_hp                    (in-dist) KNN=6.1% LP=12.1% MLP=6.7% L2_dist=2.69 Cos_sim=0.715
    test_cross_device         (OOD)     KNN=64.2% LP=49.3% MLP=63.4% L2_dist=2.81 Cos_sim=0.764
    test_cross_env            (OOD)     KNN=63.5% LP=46.7% MLP=63.7% L2_dist=2.10 Cos_sim=0.813
    test_cross_user           (OOD)     KNN=67.9% LP=45.4% MLP=67.1% L2_dist=1.50 Cos_sim=0.903
  Layer 9:
    val_hp                    (in-dist) KNN=5.4% LP=14.0% MLP=9.2% L2_dist=2.86 Cos_sim=0.666
    test_cross_device         (OOD)     KNN=63.7% LP=49.1% MLP=63.4% L2_dist=2.93 Cos_sim=0.777
    test_cross_env            (OOD)     KNN=63.4% LP=45.1% MLP=63.2% L2_dist=2.36 Cos_sim=0.755
    test_cross_user           (OOD)     KNN=67.5% LP=53.8% MLP=66.6% L2_dist=1.59 Cos_sim=0.872
  Layer 12:
