nohup: ignoring input

Experiment: mae_har_ep300_mask0.75_strategyrandom_ph29pw25_seed42_enc12_dim128_bs128
[patch-pad] patch_h=29, patch_w=25 evenly divide 232x500, no padding needed. num_patches=160
[mem-check] num_patches=160  batch_size=128  encoder_depth=12  attention-score memory: 0.05 GB/layer, 0.59 GB cumulative (all layers retained for backward)
[split] training on: train_hp
label_map: {'jumping': 0, 'running': 1, 'seated-breathing': 2, 'walking': 3, 'wavinghand': 4}  num_classes: 5
[split] evaluating on: ['val_hp', 'test_cross_device', 'test_cross_env', 'test_cross_user']
  val_hp: 5846 samples
  test_cross_device: 9631 samples
  test_cross_env: 6650 samples
  test_cross_user: 12109 samples
MAE params: 2,658,709
Epoch 010/300 | loss=0.1614 | best=0.1614 | lr=1.50e-04
Epoch 020/300 | loss=0.1200 | best=0.1200 | lr=1.48e-04
Epoch 030/300 | loss=0.1084 | best=0.1084 | lr=1.46e-04
Epoch 040/300 | loss=0.1050 | best=0.1050 | lr=1.44e-04
Epoch 050/300 | loss=0.1030 | best=0.1030 | lr=1.40e-04

--- Eval at epoch 50 ---
  Layer 1:
    val_hp                    (in-dist) KNN=8.1% LP=19.6% MLP=13.1% L2_dist=2.04 Cos_sim=0.919
    test_cross_device         (OOD)     KNN=64.7% LP=42.3% MLP=65.6% L2_dist=2.28 Cos_sim=0.936
    test_cross_env            (OOD)     KNN=64.4% LP=48.9% MLP=64.3% L2_dist=1.60 Cos_sim=0.951
    test_cross_user           (OOD)     KNN=68.6% LP=50.4% MLP=67.5% L2_dist=1.25 Cos_sim=0.964
  Layer 3:
    val_hp                    (in-dist) KNN=7.6% LP=17.8% MLP=9.9% L2_dist=2.15 Cos_sim=0.926
    test_cross_device         (OOD)     KNN=64.7% LP=46.5% MLP=66.1% L2_dist=2.54 Cos_sim=0.938
    test_cross_env            (OOD)     KNN=64.7% LP=44.5% MLP=64.0% L2_dist=1.64 Cos_sim=0.956
    test_cross_user           (OOD)     KNN=68.9% LP=49.8% MLP=67.9% L2_dist=1.20 Cos_sim=0.975
  Layer 6:
    val_hp                    (in-dist) KNN=4.9% LP=25.4% MLP=9.4% L2_dist=2.63 Cos_sim=0.853
    test_cross_device         (OOD)     KNN=63.8% LP=53.5% MLP=65.6% L2_dist=2.80 Cos_sim=0.920
    test_cross_env            (OOD)     KNN=64.0% LP=46.9% MLP=64.2% L2_dist=1.96 Cos_sim=0.906
    test_cross_user           (OOD)     KNN=68.5% LP=55.6% MLP=68.1% L2_dist=1.41 Cos_sim=0.954
  Layer 9:
    val_hp                    (in-dist) KNN=4.9% LP=17.6% MLP=6.1% L2_dist=3.07 Cos_sim=0.752
    test_cross_device         (OOD)     KNN=63.8% LP=50.6% MLP=63.1% L2_dist=3.24 Cos_sim=0.857
    test_cross_env            (OOD)     KNN=63.7% LP=45.6% MLP=64.8% L2_dist=2.27 Cos_sim=0.848
    test_cross_user           (OOD)     KNN=68.1% LP=54.6% MLP=68.2% L2_dist=1.91 Cos_sim=0.906
  Layer 12:
    val_hp                    (in-dist) KNN=4.5% LP=22.0% MLP=10.3% L2_dist=2.95 Cos_sim=0.899
    test_cross_device         (OOD)     KNN=63.5% LP=48.3% MLP=62.5% L2_dist=3.87 Cos_sim=0.913
    test_cross_env            (OOD)     KNN=64.3% LP=46.9% MLP=64.1% L2_dist=2.05 Cos_sim=0.939
    test_cross_user           (OOD)     KNN=67.9% LP=54.3% MLP=68.1% L2_dist=2.02 Cos_sim=0.955

Epoch 060/300 | loss=0.1017 | best=0.1017 | lr=1.36e-04
Epoch 070/300 | loss=0.1009 | best=0.1008 | lr=1.31e-04
Epoch 080/300 | loss=0.1001 | best=0.1001 | lr=1.25e-04
Epoch 090/300 | loss=0.0995 | best=0.0995 | lr=1.19e-04
Epoch 100/300 | loss=0.0993 | best=0.0993 | lr=1.12e-04

--- Eval at epoch 100 ---
  Layer 1:
    val_hp                    (in-dist) KNN=8.4% LP=19.5% MLP=12.9% L2_dist=1.91 Cos_sim=0.916
    test_cross_device         (OOD)     KNN=65.0% LP=45.7% MLP=65.9% L2_dist=2.28 Cos_sim=0.930
    test_cross_env            (OOD)     KNN=64.5% LP=49.5% MLP=63.9% L2_dist=1.56 Cos_sim=0.944
    test_cross_user           (OOD)     KNN=68.8% LP=52.2% MLP=68.2% L2_dist=1.19 Cos_sim=0.962
  Layer 3:
    val_hp                    (in-dist) KNN=8.1% LP=19.1% MLP=8.2% L2_dist=2.02 Cos_sim=0.920
    test_cross_device         (OOD)     KNN=65.0% LP=48.6% MLP=65.2% L2_dist=2.46 Cos_sim=0.931
    test_cross_env            (OOD)     KNN=64.7% LP=46.3% MLP=64.0% L2_dist=1.66 Cos_sim=0.943
    test_cross_user           (OOD)     KNN=69.3% LP=52.5% MLP=69.2% L2_dist=1.21 Cos_sim=0.968
  Layer 6:
    val_hp                    (in-dist) KNN=5.2% LP=22.6% MLP=6.8% L2_dist=2.50 Cos_sim=0.828
    test_cross_device         (OOD)     KNN=64.0% LP=53.2% MLP=65.7% L2_dist=2.65 Cos_sim=0.905
    test_cross_env            (OOD)     KNN=63.9% LP=45.0% MLP=65.0% L2_dist=1.83 Cos_sim=0.894
    test_cross_user           (OOD)     KNN=68.7% LP=61.5% MLP=69.8% L2_dist=1.39 Cos_sim=0.945
  Layer 9:
    val_hp                    (in-dist) KNN=5.3% LP=10.0% MLP=6.1% L2_dist=2.85 Cos_sim=0.744
Traceback (most recent call last):
  File "/home/zhuzih19/csi-project/csi-fall-detection/train/train_mae_har.py", line 1180, in <module>
    main()
    ~~~~^^
  File "/home/zhuzih19/csi-project/csi-fall-detection/train/train_mae_har.py", line 1126, in main
    lp_acc, lp_f1 = linear_probe_eval(
                    ~~~~~~~~~~~~~~~~~^
        train_feats, train_labels, eval_feats, eval_labels,
        ^^^^^^^^^^^^^^^^^^^^^^^^^^^^^^^^^^^^^^^^^^^^^^^^^^^
        num_classes, device, epochs=50)
        ^^^^^^^^^^^^^^^^^^^^^^^^^^^^^^^
  File "/home/zhuzih19/csi-project/csi-fall-detection/train/train_mae_har.py", line 406, in linear_probe_eval
    loss = crit(head(xb.to(device)), yb.to(device))
                                     ~~~~~^^^^^^^^
torch.AcceleratorError: CUDA error: an illegal memory access was encountered
Search for `cudaErrorIllegalAddress' in https://docs.nvidia.com/cuda/cuda-runtime-api/group__CUDART__TYPES.html for more information.
CUDA kernel errors might be asynchronously reported at some other API call, so the stacktrace below might be incorrect.
For debugging consider passing CUDA_LAUNCH_BLOCKING=1
Compile with `TORCH_USE_CUDA_DSA` to enable device-side assertions.

